Archive member included to satisfy reference by file (symbol)

..\..\..\..\..\iNEMO_AHRS_v121\CooCox_Lib\libinemo_m1_ahrs_lib_v121.a(iNEMO_AHRS.o)
                              ..\obj\main.o (iNEMO_AHRS_Init)
..\..\..\..\..\iNEMO_AHRS_v121\CooCox_Lib\libinemo_m1_ahrs_lib_v121.a(iNEMO_math.o)
                              ..\..\..\..\..\iNEMO_AHRS_v121\CooCox_Lib\libinemo_m1_ahrs_lib_v121.a(iNEMO_AHRS.o) (iNEMO_fMatCreateInit)
..\..\..\..\..\iNEMO_AHRS_v121\CooCox_Lib\libinemo_m1_ahrs_lib_v121.a(iNEMO_EKF.o)
                              ..\..\..\..\..\iNEMO_AHRS_v121\CooCox_Lib\libinemo_m1_ahrs_lib_v121.a(iNEMO_AHRS.o) (iNEMO_PropagateP)
c:/coocox/gnu tools arm embedded/5.4 2016q3/bin/../lib/gcc/arm-none-eabi/5.4.1/../../../../arm-none-eabi/lib/armv7-m\libm.a(lib_a-s_cos.o)
                              ..\obj\main.o (cos)
c:/coocox/gnu tools arm embedded/5.4 2016q3/bin/../lib/gcc/arm-none-eabi/5.4.1/../../../../arm-none-eabi/lib/armv7-m\libm.a(lib_a-s_sin.o)
                              ..\obj\main.o (sin)
c:/coocox/gnu tools arm embedded/5.4 2016q3/bin/../lib/gcc/arm-none-eabi/5.4.1/../../../../arm-none-eabi/lib/armv7-m\libm.a(lib_a-w_asin.o)
                              ..\..\..\..\..\iNEMO_AHRS_v121\CooCox_Lib\libinemo_m1_ahrs_lib_v121.a(iNEMO_AHRS.o) (asin)
c:/coocox/gnu tools arm embedded/5.4 2016q3/bin/../lib/gcc/arm-none-eabi/5.4.1/../../../../arm-none-eabi/lib/armv7-m\libm.a(lib_a-w_atan2.o)
                              ..\obj\iNEMO_Compass.o (atan2)
c:/coocox/gnu tools arm embedded/5.4 2016q3/bin/../lib/gcc/arm-none-eabi/5.4.1/../../../../arm-none-eabi/lib/armv7-m\libm.a(lib_a-w_sqrt.o)
                              ..\obj\iNEMO_Compass.o (sqrt)
c:/coocox/gnu tools arm embedded/5.4 2016q3/bin/../lib/gcc/arm-none-eabi/5.4.1/../../../../arm-none-eabi/lib/armv7-m\libm.a(lib_a-e_asin.o)
                              c:/coocox/gnu tools arm embedded/5.4 2016q3/bin/../lib/gcc/arm-none-eabi/5.4.1/../../../../arm-none-eabi/lib/armv7-m\libm.a(lib_a-w_asin.o) (__ieee754_asin)
c:/coocox/gnu tools arm embedded/5.4 2016q3/bin/../lib/gcc/arm-none-eabi/5.4.1/../../../../arm-none-eabi/lib/armv7-m\libm.a(lib_a-e_atan2.o)
                              c:/coocox/gnu tools arm embedded/5.4 2016q3/bin/../lib/gcc/arm-none-eabi/5.4.1/../../../../arm-none-eabi/lib/armv7-m\libm.a(lib_a-w_atan2.o) (__ieee754_atan2)
c:/coocox/gnu tools arm embedded/5.4 2016q3/bin/../lib/gcc/arm-none-eabi/5.4.1/../../../../arm-none-eabi/lib/armv7-m\libm.a(lib_a-e_rem_pio2.o)
                              c:/coocox/gnu tools arm embedded/5.4 2016q3/bin/../lib/gcc/arm-none-eabi/5.4.1/../../../../arm-none-eabi/lib/armv7-m\libm.a(lib_a-s_cos.o) (__ieee754_rem_pio2)
c:/coocox/gnu tools arm embedded/5.4 2016q3/bin/../lib/gcc/arm-none-eabi/5.4.1/../../../../arm-none-eabi/lib/armv7-m\libm.a(lib_a-e_sqrt.o)
                              c:/coocox/gnu tools arm embedded/5.4 2016q3/bin/../lib/gcc/arm-none-eabi/5.4.1/../../../../arm-none-eabi/lib/armv7-m\libm.a(lib_a-w_sqrt.o) (__ieee754_sqrt)
c:/coocox/gnu tools arm embedded/5.4 2016q3/bin/../lib/gcc/arm-none-eabi/5.4.1/../../../../arm-none-eabi/lib/armv7-m\libm.a(lib_a-k_cos.o)
                              c:/coocox/gnu tools arm embedded/5.4 2016q3/bin/../lib/gcc/arm-none-eabi/5.4.1/../../../../arm-none-eabi/lib/armv7-m\libm.a(lib_a-s_cos.o) (__kernel_cos)
c:/coocox/gnu tools arm embedded/5.4 2016q3/bin/../lib/gcc/arm-none-eabi/5.4.1/../../../../arm-none-eabi/lib/armv7-m\libm.a(lib_a-k_rem_pio2.o)
                              c:/coocox/gnu tools arm embedded/5.4 2016q3/bin/../lib/gcc/arm-none-eabi/5.4.1/../../../../arm-none-eabi/lib/armv7-m\libm.a(lib_a-e_rem_pio2.o) (__kernel_rem_pio2)
c:/coocox/gnu tools arm embedded/5.4 2016q3/bin/../lib/gcc/arm-none-eabi/5.4.1/../../../../arm-none-eabi/lib/armv7-m\libm.a(lib_a-k_sin.o)
                              c:/coocox/gnu tools arm embedded/5.4 2016q3/bin/../lib/gcc/arm-none-eabi/5.4.1/../../../../arm-none-eabi/lib/armv7-m\libm.a(lib_a-s_cos.o) (__kernel_sin)
c:/coocox/gnu tools arm embedded/5.4 2016q3/bin/../lib/gcc/arm-none-eabi/5.4.1/../../../../arm-none-eabi/lib/armv7-m\libm.a(lib_a-s_atan.o)
                              c:/coocox/gnu tools arm embedded/5.4 2016q3/bin/../lib/gcc/arm-none-eabi/5.4.1/../../../../arm-none-eabi/lib/armv7-m\libm.a(lib_a-e_atan2.o) (atan)
c:/coocox/gnu tools arm embedded/5.4 2016q3/bin/../lib/gcc/arm-none-eabi/5.4.1/../../../../arm-none-eabi/lib/armv7-m\libm.a(lib_a-s_fabs.o)
                              c:/coocox/gnu tools arm embedded/5.4 2016q3/bin/../lib/gcc/arm-none-eabi/5.4.1/../../../../arm-none-eabi/lib/armv7-m\libm.a(lib_a-w_asin.o) (fabs)
c:/coocox/gnu tools arm embedded/5.4 2016q3/bin/../lib/gcc/arm-none-eabi/5.4.1/../../../../arm-none-eabi/lib/armv7-m\libm.a(lib_a-s_floor.o)
                              c:/coocox/gnu tools arm embedded/5.4 2016q3/bin/../lib/gcc/arm-none-eabi/5.4.1/../../../../arm-none-eabi/lib/armv7-m\libm.a(lib_a-k_rem_pio2.o) (floor)
[...]
Memory Configuration

Name             Origin             Length             Attributes
rom              0x08003000         0x000fcfff         xr
ram              0x20000000         0x00f17fff         xrw
*default*        0x00000000         0xffffffff

Linker script and memory map

LOAD c:/coocox/gnu tools arm embedded/5.4 2016q3/bin/../lib/gcc/arm-none-eabi/5.4.1/armv7-m/crti.o
LOAD c:/coocox/gnu tools arm embedded/5.4 2016q3/bin/../lib/gcc/arm-none-eabi/5.4.1/armv7-m/crtbegin.o
LOAD c:/coocox/gnu tools arm embedded/5.4 2016q3/bin/../lib/gcc/arm-none-eabi/5.4.1/../../../../arm-none-eabi/lib/armv7-m/crt0.o
Address of section .SECTION251 set to 0x807f800
LOAD c:/coocox/gnu tools arm embedded/5.4 2016q3/bin/../lib/gcc/arm-none-eabi/5.4.1/../../../../arm-none-eabi/lib/armv7-m\libstdc++.a
                0x20f17fff                _eram = 0x20f17fff

.text           0x08003000     0xe301
 *(.isr_vector .isr_vector.*)
 .isr_vector    0x08003000      0x134 ..\obj\startup_stm32f10x_hd.o
                0x08003000                g_pfnVectors
 *(.text .text.* .gnu.linkonce.t.*)
 .text.Standard_GetConfiguration
                0x08003134       0x28 ..\obj\usb_core.o
                0x08003134                Standard_GetConfiguration
 .text.Standard_GetInterface
                0x0800315c       0x28 ..\obj\usb_core.o
                0x0800315c                Standard_GetInterface
 .text.Standard_GetStatus
                0x08003184       0x8c ..\obj\usb_core.o
                0x08003184                Standard_GetStatus
 .text.DataStageIn
                0x08003210       0xb0 ..\obj\usb_core.o
 .text.Standard_ClearFeature
                0x080032c0       0xd0 ..\obj\usb_core.o
                0x080032c0                Standard_ClearFeature
 .text.Standard_SetEndPointFeature
                0x08003390       0x90 ..\obj\usb_core.o
                0x08003390                Standard_SetEndPointFeature
 .text.Standard_GetDescriptorData
                0x08003420       0x1c ..\obj\usb_core.o
                0x08003420                Standard_GetDescriptorData
 .text.Setup0_Process
                0x0800343c      0x400 ..\obj\usb_core.o
                0x0800343c                Setup0_Process
 .text.In0_Process
                0x0800383c       0xc8 ..\obj\usb_core.o
                0x0800383c                In0_Process
 .text.Out0_Process
                0x08003904      0x104 ..\obj\usb_core.o
                0x08003904                Out0_Process
 .text.SetDeviceAddress
                0x08003a08       0x40 ..\obj\usb_core.o
                0x08003a08                SetDeviceAddress
 .text.NOP_Process
                0x08003a48        0x4 ..\obj\usb_core.o
                0x08003a48                NOP_Process
 .text.TIM_GetITStatus
                0x08003a4c       0x18 ..\obj\stm32f10x_tim.o
                0x08003a4c                TIM_GetITStatus
 .text.TIM_ClearITPendingBit
                0x08003a64        0x8 ..\obj\stm32f10x_tim.o
                0x08003a64                TIM_ClearITPendingBit
 .text.iNEMO_Malloc
                0x08003a6c        0x4 ..\obj\iNEMO_AHRS_MemMan_2.o
                0x08003a6c                iNEMO_Malloc
 .text.iNEMO_Free
                0x08003a70        0x4 ..\obj\iNEMO_AHRS_MemMan_2.o
                0x08003a70                iNEMO_Free
 .text.Lsm303dlhcAccConfig
                0x08003a74       0x88 ..\obj\LSM303DLHC.o
                0x08003a74                Lsm303dlhcAccConfig
 .text.Lsm303dlhcAccFilterConfig
                0x08003afc       0x78 ..\obj\LSM303DLHC.o
                0x08003afc                Lsm303dlhcAccFilterConfig
 .text.Lsm303dlhcAccReadRawData
                0x08003b74       0xbc ..\obj\LSM303DLHC.o
                0x08003b74                Lsm303dlhcAccReadRawData
 .text.Lsm303dlhcAccReadAcc
                0x08003c30       0x90 ..\obj\LSM303DLHC.o
                0x08003c30                Lsm303dlhcAccReadAcc
 .text.Lsm303dlhcMagConfig
                0x08003cc0       0x54 ..\obj\LSM303DLHC.o
                0x08003cc0                Lsm303dlhcMagConfig
 .text.Lsm303dlhcMagReadMag
                0x08003d14      0x140 ..\obj\LSM303DLHC.o
                0x08003d14                Lsm303dlhcMagReadMag
 .text.iNemoI2CInit
                0x08003e54      0x1a0 ..\obj\iNEMO_I2C_Driver.o
                0x08003e54                iNemoI2CInit
 .text.iNemoI2CBufferReadDma
                0x08003ff4      0x1b8 ..\obj\iNEMO_I2C_Driver.o
                0x08003ff4                iNemoI2CBufferReadDma
 .text.iNemoI2CBufferWriteDma
                0x080041ac      0x164 ..\obj\iNEMO_I2C_Driver.o
                0x080041ac                iNemoI2CBufferWriteDma
 .text.USB_LP_CAN1_RX0_IRQHandler
                0x08004310       0x60 ..\obj\UsbGatekeeper.o
                0x08004310                USB_LP_CAN1_RX0_IRQHandler
 .text.CTR_LP   0x08004370      0x180 ..\obj\usb_int.o
                0x08004370                CTR_LP
 .text.SystemInit
                0x080044f0      0x104 ..\obj\system_stm32f10x.o
                0x080044f0                SystemInit
 .text.EXTI9_5_IRQHandler
                0x080045f4       0xb0 ..\obj\iNemo.o
                0x080045f4                EXTI9_5_IRQHandler
 .text.EXTI4_IRQHandler
                0x080046a4       0x48 ..\obj\iNemo.o
                0x080046a4                EXTI4_IRQHandler
 .text.EXTI0_IRQHandler
                0x080046ec       0x48 ..\obj\iNemo.o
                0x080046ec                EXTI0_IRQHandler
 .text.Default_Handler
                0x08004734        0x4 ..\obj\startup_stm32f10x_hd.o
                0x08004734                EXTI2_IRQHandler
                0x08004734                TIM8_TRG_COM_IRQHandler
                0x08004734                TIM8_CC_IRQHandler
                0x08004734                TIM1_CC_IRQHandler
                0x08004734                TIM6_IRQHandler
                0x08004734                PVD_IRQHandler
                0x08004734                SDIO_IRQHandler
                0x08004734                EXTI3_IRQHandler
                0x08004734                I2C2_EV_IRQHandler
                0x08004734                ADC1_2_IRQHandler
                0x08004734                SPI1_IRQHandler
                0x08004734                TAMPER_IRQHandler
                0x08004734                TIM8_UP_IRQHandler
                0x08004734                DMA2_Channel2_IRQHandler
                0x08004734                DMA1_Channel4_IRQHandler
                0x08004734                USART3_IRQHandler
                0x08004734                RTC_IRQHandler
                0x08004734                DMA1_Channel7_IRQHandler
                0x08004734                CAN1_RX1_IRQHandler
                0x08004734                UART5_IRQHandler
                0x08004734                ADC3_IRQHandler
                0x08004734                TIM4_IRQHandler
                0x08004734                DMA2_Channel1_IRQHandler
                0x08004734                I2C1_EV_IRQHandler
                0x08004734                DMA1_Channel6_IRQHandler
                0x08004734                UART4_IRQHandler
                0x08004734                TIM3_IRQHandler
                0x08004734                RCC_IRQHandler
                0x08004734                TIM1_TRG_COM_IRQHandler
                0x08004734                DMA1_Channel1_IRQHandler
                0x08004734                EXTI15_10_IRQHandler
                0x08004734                TIM7_IRQHandler
                0x08004734                TIM5_IRQHandler
                0x08004734                SPI2_IRQHandler
                0x08004734                DMA1_Channel5_IRQHandler
                0x08004734                USB_HP_CAN1_TX_IRQHandler
                0x08004734                DMA1_Channel3_IRQHandler
                0x08004734                FSMC_IRQHandler
                0x08004734                TIM1_UP_IRQHandler
                0x08004734                WWDG_IRQHandler
                0x08004734                TIM1_BRK_IRQHandler
                0x08004734                EXTI1_IRQHandler
                0x08004734                RTCAlarm_IRQHandler
                0x08004734                DMA2_Channel4_5_IRQHandler
                0x08004734                USART2_IRQHandler
                0x08004734                I2C2_ER_IRQHandler
                0x08004734                DMA1_Channel2_IRQHandler
                0x08004734                TIM8_BRK_IRQHandler
                0x08004734                CAN1_SCE_IRQHandler
                0x08004734                FLASH_IRQHandler
                0x08004734                USART1_IRQHandler
                0x08004734                SPI3_IRQHandler
                0x08004734                I2C1_ER_IRQHandler
                0x08004734                USBWakeUp_IRQHandler
                0x08004734                DMA2_Channel3_IRQHandler
 .text.Default_Reset_Handler
                0x08004738       0x4c ..\obj\startup_stm32f10x_hd.o
                0x08004738                Default_Reset_Handler
                0x08004738                Reset_Handler
 .text.SetBTABLE
                0x08004784       0x10 ..\obj\usb_regs.o
                0x08004784                SetBTABLE
 .text.SetEPType
                0x08004794       0x1c ..\obj\usb_regs.o
                0x08004794                SetEPType
 .text.SetEPTxStatus
                0x080047b0       0x34 ..\obj\usb_regs.o
                0x080047b0                SetEPTxStatus
 .text.SetEPRxStatus
                0x080047e4       0x34 ..\obj\usb_regs.o
                0x080047e4                SetEPRxStatus
 .text.GetEPTxStatus
                0x08004818       0x14 ..\obj\usb_regs.o
                0x08004818                GetEPTxStatus
 .text.SetEPTxValid
                0x0800482c       0x28 ..\obj\usb_regs.o
                0x0800482c                SetEPTxValid
 .text.SetEPRxValid
                0x08004854       0x28 ..\obj\usb_regs.o
                0x08004854                SetEPRxValid
 .text.Clear_Status_Out
                0x0800487c       0x20 ..\obj\usb_regs.o
                0x0800487c                Clear_Status_Out
 .text.ClearDTOG_RX
                0x0800489c       0x24 ..\obj\usb_regs.o
                0x0800489c                ClearDTOG_RX
 .text.ClearDTOG_TX
                0x080048c0       0x24 ..\obj\usb_regs.o
                0x080048c0                ClearDTOG_TX
 .text.SetEPTxAddr
                0x080048e4       0x20 ..\obj\usb_regs.o
                0x080048e4                SetEPTxAddr
 .text.SetEPRxAddr
                0x08004904       0x20 ..\obj\usb_regs.o
                0x08004904                SetEPRxAddr
 .text.GetEPTxAddr
                0x08004924       0x1c ..\obj\usb_regs.o
                0x08004924                GetEPTxAddr
 .text.GetEPRxAddr
                0x08004940       0x1c ..\obj\usb_regs.o
                0x08004940                GetEPRxAddr
 .text.SetEPTxCount
                0x0800495c       0x1c ..\obj\usb_regs.o
                0x0800495c                SetEPTxCount
 .text.SetEPRxCount
                0x08004978       0x44 ..\obj\usb_regs.o
                0x08004978                SetEPRxCount
 .text.GetEPRxCount
                0x080049bc       0x20 ..\obj\usb_regs.o
                0x080049bc                GetEPRxCount
 .text.ByteSwap
                0x080049dc        0xc ..\obj\usb_regs.o
                0x080049dc                ByteSwap
 .text.PowerOn  0x080049e8       0x30 ..\obj\STM32F1_VC_Pwr.o
                0x080049e8                PowerOn
 .text.GPIO_Init
                0x08004a18      0x3cc ..\obj\stm32f10x_gpio.o
                0x08004a18                GPIO_Init
 .text.GPIO_ReadInputDataBit
                0x08004de4        0xc ..\obj\stm32f10x_gpio.o
                0x08004de4                GPIO_ReadInputDataBit
 .text.GPIO_SetBits
                0x08004df0        0x4 ..\obj\stm32f10x_gpio.o
                0x08004df0                GPIO_SetBits
 .text.GPIO_ResetBits
                0x08004df4        0x4 ..\obj\stm32f10x_gpio.o
                0x08004df4                GPIO_ResetBits
 .text.GPIO_PinRemapConfig
                0x08004df8       0x6c ..\obj\stm32f10x_gpio.o
                0x08004df8                GPIO_PinRemapConfig
 .text.GPIO_EXTILineConfig
                0x08004e64       0x2c ..\obj\stm32f10x_gpio.o
                0x08004e64                GPIO_EXTILineConfig
 .text.USB_Init
                0x08004e90       0x38 ..\obj\usb_init.o
                0x08004e90                USB_Init
 .text.initSensorData
                0x08004ec8       0x5c ..\obj\main.o
                0x08004ec8                initSensorData
 .text.TIM2_IRQHandler
                0x08004f24       0x28 ..\obj\main.o
                0x08004f24                TIM2_IRQHandler
 .text.rotateEuler
                0x08004f4c      0x194 ..\obj\main.o
                0x08004f4c                rotateEuler
 .text.init_data
                0x080050e0       0x4c ..\obj\main.o
                0x080050e0                init_data
 *fill*         0x0800512c        0x4 
 .text.startup.main
                0x08005130      0x678 ..\obj\main.o
                0x08005130                main
 .text.EP3_OUT_Callback
                0x080057a8       0x2c ..\obj\STM32F1_VC_Endp.o
                0x080057a8                EP3_OUT_Callback
 .text.RCC_USBCLKConfig
                0x080057d4        0xc ..\obj\stm32f10x_rcc.o
                0x080057d4                RCC_USBCLKConfig
 .text.RCC_GetClocksFreq
                0x080057e0       0x98 ..\obj\stm32f10x_rcc.o
                0x080057e0                RCC_GetClocksFreq
 .text.RCC_AHBPeriphClockCmd
                0x08005878       0x1c ..\obj\stm32f10x_rcc.o
                0x08005878                RCC_AHBPeriphClockCmd
 .text.RCC_APB2PeriphClockCmd
                0x08005894       0x1c ..\obj\stm32f10x_rcc.o
                0x08005894                RCC_APB2PeriphClockCmd
 .text.RCC_APB1PeriphClockCmd
                0x080058b0       0x1c ..\obj\stm32f10x_rcc.o
                0x080058b0                RCC_APB1PeriphClockCmd
 .text.iNEMO_Button_Init
                0x080058cc       0x60 ..\obj\iNEMO_Button.o
                0x080058cc                iNEMO_Button_Init
 .text.iNEMO_Button_Get_State
                0x0800592c       0x18 ..\obj\iNEMO_Button.o
                0x0800592c                iNEMO_Button_Get_State
 .text.EXTI_Init
                0x08005944       0x7c ..\obj\stm32f10x_exti.o
                0x08005944                EXTI_Init
 .text.EXTI_GetITStatus
                0x080059c0       0x1c ..\obj\stm32f10x_exti.o
                0x080059c0                EXTI_GetITStatus
 .text.EXTI_ClearITPendingBit
                0x080059dc        0xc ..\obj\stm32f10x_exti.o
                0x080059dc                EXTI_ClearITPendingBit
 .text.vTaskSuspendAll
                0x080059e8       0x14 ..\obj\tasks.o
                0x080059e8                vTaskSuspendAll
 .text.xTaskIncrementTick
                0x080059fc      0x120 ..\obj\tasks.o
                0x080059fc                xTaskIncrementTick
 .text.xTaskResumeAll
                0x08005b1c       0xc4 ..\obj\tasks.o
                0x08005b1c                xTaskResumeAll
 .text.vTaskSwitchContext
                0x08005be0       0x68 ..\obj\tasks.o
                0x08005be0                vTaskSwitchContext
 .text.xTaskRemoveFromEventList
                0x08005c48       0x68 ..\obj\tasks.o
                0x08005c48                xTaskRemoveFromEventList
 .text.vTaskPriorityDisinherit
                0x08005cb0       0x54 ..\obj\tasks.o
                0x08005cb0                vTaskPriorityDisinherit
 .text.Stm32f1VCInit
                0x08005d04       0x80 ..\obj\STM32F1_VC_General.o
                0x08005d04                Stm32f1VCInit
 .text.Stm32f1VCCableConfig
                0x08005d84       0x18 ..\obj\STM32F1_VC_General.o
                0x08005d84                Stm32f1VCCableConfig
 .text.Stm32f1VCGetSerialNum
                0x08005d9c      0x114 ..\obj\STM32F1_VC_General.o
                0x08005d9c                Stm32f1VCGetSerialNum
 .text.Stm32f1VCPrintf
                0x08005eb0       0x68 ..\obj\STM32F1_VC_General.o
                0x08005eb0                Stm32f1VCPrintf
 .text.Stm32f1VCSendData
                0x08005f18       0xa4 ..\obj\STM32F1_VC_General.o
                0x08005f18                Stm32f1VCSendData
 .text.iNEMO_Led_Init
                0x08005fbc       0x34 ..\obj\iNemoLed.o
                0x08005fbc                iNEMO_Led_Init
 .text.iNEMO_Led_On
                0x08005ff0       0x10 ..\obj\iNemoLed.o
                0x08005ff0                iNEMO_Led_On
 .text.iNEMO_Led_Off
                0x08006000       0x10 ..\obj\iNemoLed.o
                0x08006000                iNEMO_Led_Off
 .text.L3gxConfig
                0x08006010       0x48 ..\obj\L3Gx.o
                0x08006010                L3gxConfig
 .text.L3gxReadAngRate
                0x08006058       0xe0 ..\obj\L3Gx.o
                0x08006058                L3gxReadAngRate
 .text.Stm32f1VCIntServRoutine
                0x08006138       0x6c ..\obj\STM32F1_VC_Istr.o
                0x08006138                Stm32f1VCIntServRoutine
 .text.USB_SIL_Init
                0x080061a4       0x24 ..\obj\usb_sil.o
                0x080061a4                USB_SIL_Init
 .text.vListInsertEnd
                0x080061c8       0x1c ..\obj\list.o
                0x080061c8                vListInsertEnd
 .text.uxListRemove
                0x080061e4       0x28 ..\obj\list.o
                0x080061e4                uxListRemove
 .text._sbrk    0x0800620c       0x1c ..\obj\syscalls.o
                0x0800620c                _sbrk
 .text.NMI_Handler
                0x08006228        0x4 ..\obj\stm32f10x_it.o
                0x08006228                NMI_Handler
 .text.HardFault_Handler
                0x0800622c        0x4 ..\obj\stm32f10x_it.o
                0x0800622c                HardFault_Handler
 .text.MemManage_Handler
                0x08006230        0x4 ..\obj\stm32f10x_it.o
                0x08006230                MemManage_Handler
 .text.BusFault_Handler
                0x08006234        0x4 ..\obj\stm32f10x_it.o
                0x08006234                BusFault_Handler
 .text.UsageFault_Handler
                0x08006238        0x4 ..\obj\stm32f10x_it.o
                0x08006238                UsageFault_Handler
 .text.DebugMon_Handler
                0x0800623c        0x4 ..\obj\stm32f10x_it.o
                0x0800623c                DebugMon_Handler
 .text.SVC_Handler
                0x08006240       0x24 ..\obj\port.o
                0x08006240                SVC_Handler
 .text.vPortYield
                0x08006264       0x18 ..\obj\port.o
                0x08006264                vPortYield
 .text.ulPortSetInterruptMask
                0x0800627c       0x10 ..\obj\port.o
                0x0800627c                ulPortSetInterruptMask
 .text.vPortEnterCritical
                0x0800628c       0x1c ..\obj\port.o
                0x0800628c                vPortEnterCritical
 .text.vPortClearInterruptMask
                0x080062a8        0x8 ..\obj\port.o
                0x080062a8                vPortClearInterruptMask
 .text.vPortExitCritical
                0x080062b0       0x14 ..\obj\port.o
                0x080062b0                vPortExitCritical
 .text.PendSV_Handler
                0x080062c4       0x44 ..\obj\port.o
                0x080062c4                PendSV_Handler
 .text.SysTick_Handler
                0x08006308       0x24 ..\obj\port.o
                0x08006308                SysTick_Handler
 .text.xQueueGenericSendFromISR
                0x0800632c       0xf8 ..\obj\queue.o
                0x0800632c                xQueueGenericSendFromISR
 .text.DMA_DeInit
                0x08006424      0x128 ..\obj\stm32f10x_dma.o
                0x08006424                DMA_DeInit
 .text.DMA_Init
                0x0800654c       0x40 ..\obj\stm32f10x_dma.o
                0x0800654c                DMA_Init
 .text.DMA_Cmd  0x0800658c       0x18 ..\obj\stm32f10x_dma.o
                0x0800658c                DMA_Cmd
 .text.DMA_GetFlagStatus
                0x080065a4       0x1c ..\obj\stm32f10x_dma.o
                0x080065a4                DMA_GetFlagStatus
 .text.DMA_ClearFlag
                0x080065c0       0x14 ..\obj\stm32f10x_dma.o
                0x080065c0                DMA_ClearFlag
 .text.NVIC_PriorityGroupConfig
                0x080065d4       0x14 ..\obj\misc.o
                0x080065d4                NVIC_PriorityGroupConfig
 .text.NVIC_Init
                0x080065e8       0x6c ..\obj\misc.o
                0x080065e8                NVIC_Init
 .text.NVIC_SetVectorTable
                0x08006654       0x14 ..\obj\misc.o
                0x08006654                NVIC_SetVectorTable
 .text.iNemoSPIInit
                0x08006668      0x164 ..\obj\iNemo_SPI_Driver.o
                0x08006668                iNemoSPIInit
 .text.iNemoSPIBufferRead
                0x080067cc       0xc0 ..\obj\iNemo_SPI_Driver.o
                0x080067cc                iNemoSPIBufferRead
 .text.iNemoSPIBufferWrite
                0x0800688c       0xbc ..\obj\iNemo_SPI_Driver.o
                0x0800688c                iNemoSPIBufferWrite
 .text.SPI_Init
                0x08006948       0x40 ..\obj\stm32f10x_spi.o
                0x08006948                SPI_Init
 .text.SPI_Cmd  0x08006988       0x1c ..\obj\stm32f10x_spi.o
                0x08006988                SPI_Cmd
 .text.SPI_I2S_SendData
                0x080069a4        0x4 ..\obj\stm32f10x_spi.o
                0x080069a4                SPI_I2S_SendData
 .text.SPI_I2S_ReceiveData
                0x080069a8        0x8 ..\obj\stm32f10x_spi.o
                0x080069a8                SPI_I2S_ReceiveData
 .text.SPI_I2S_GetFlagStatus
                0x080069b0        0xc ..\obj\stm32f10x_spi.o
                0x080069b0                SPI_I2S_GetFlagStatus
 *fill*         0x080069bc        0x4 
 .text.stationary
                0x080069c0       0x68 ..\obj\position_get.o
                0x080069c0                stationary
 .text.calculate_velocityX
                0x08006a28       0x24 ..\obj\position_get.o
                0x08006a28                calculate_velocityX
 .text.calculate_velocityY
                0x08006a4c       0x24 ..\obj\position_get.o
                0x08006a4c                calculate_velocityY
 .text.calculate_velocityZ
                0x08006a70       0x24 ..\obj\position_get.o
                0x08006a70                calculate_velocityZ
 .text.calculate_position
                0x08006a94       0x24 ..\obj\position_get.o
                0x08006a94                calculate_position
 .text.I2C_Init
                0x08006ab8       0xe4 ..\obj\stm32f10x_i2c.o
                0x08006ab8                I2C_Init
 .text.I2C_Cmd  0x08006b9c       0x1c ..\obj\stm32f10x_i2c.o
                0x08006b9c                I2C_Cmd
 .text.I2C_DMACmd
                0x08006bb8       0x1c ..\obj\stm32f10x_i2c.o
                0x08006bb8                I2C_DMACmd
 .text.I2C_GenerateSTART
                0x08006bd4       0x1c ..\obj\stm32f10x_i2c.o
                0x08006bd4                I2C_GenerateSTART
 .text.I2C_GenerateSTOP
                0x08006bf0       0x1c ..\obj\stm32f10x_i2c.o
                0x08006bf0                I2C_GenerateSTOP
 .text.I2C_AcknowledgeConfig
                0x08006c0c       0x1c ..\obj\stm32f10x_i2c.o
                0x08006c0c                I2C_AcknowledgeConfig
 .text.I2C_SendData
                0x08006c28        0x4 ..\obj\stm32f10x_i2c.o
                0x08006c28                I2C_SendData
 .text.I2C_Send7bitAddress
                0x08006c2c       0x18 ..\obj\stm32f10x_i2c.o
                0x08006c2c                I2C_Send7bitAddress
 .text.I2C_CheckEvent
                0x08006c44       0x1c ..\obj\stm32f10x_i2c.o
                0x08006c44                I2C_CheckEvent
 .text.I2C_GetFlagStatus
                0x08006c60       0x38 ..\obj\stm32f10x_i2c.o
                0x08006c60                I2C_GetFlagStatus
 .text.UserToPMABufferCopy
                0x08006c98       0x28 ..\obj\usb_mem.o
                0x08006c98                UserToPMABufferCopy
 .text.PMAToUserBufferCopy
                0x08006cc0       0x20 ..\obj\usb_mem.o
                0x08006cc0                PMAToUserBufferCopy
 .text.Stm32f1VCPortSetConfiguration
                0x08006ce0       0x18 ..\obj\STM32F1_VC_Prop.o
                0x08006ce0                Stm32f1VCPortSetConfiguration
 .text.Stm32f1VCPortSetDeviceAddress
                0x08006cf8        0xc ..\obj\STM32F1_VC_Prop.o
                0x08006cf8                Stm32f1VCPortSetDeviceAddress
 .text.Stm32f1VCPortStatusIn
                0x08006d04       0x14 ..\obj\STM32F1_VC_Prop.o
                0x08006d04                Stm32f1VCPortStatusIn
 .text.Stm32f1VCPortStatusOut
                0x08006d18        0x4 ..\obj\STM32F1_VC_Prop.o
                0x08006d18                Stm32f1VCPortStatusOut
 .text.Stm32f1VCPortDataSetup
                0x08006d1c       0x5c ..\obj\STM32F1_VC_Prop.o
                0x08006d1c                Stm32f1VCPortDataSetup
 .text.Stm32f1VCPortNoDataSetup
                0x08006d78       0x24 ..\obj\STM32F1_VC_Prop.o
                0x08006d78                Stm32f1VCPortNoDataSetup
 .text.Stm32f1VCPortGetInterfaceSetting
                0x08006d9c       0x10 ..\obj\STM32F1_VC_Prop.o
                0x08006d9c                Stm32f1VCPortGetInterfaceSetting
 .text.Stm32f1VCPortSetLineCoding
                0x08006dac       0x18 ..\obj\STM32F1_VC_Prop.o
                0x08006dac                Stm32f1VCPortSetLineCoding
 .text.Stm32f1VCPortInit
                0x08006dc4       0x24 ..\obj\STM32F1_VC_Prop.o
                0x08006dc4                Stm32f1VCPortInit
 .text.Stm32f1VCPortReset
                0x08006de8       0xe0 ..\obj\STM32F1_VC_Prop.o
                0x08006de8                Stm32f1VCPortReset
 .text.Stm32f1VCPortGetDeviceDescriptor
                0x08006ec8        0xc ..\obj\STM32F1_VC_Prop.o
                0x08006ec8                Stm32f1VCPortGetDeviceDescriptor
 .text.Stm32f1VCPortGetConfigDescriptor
                0x08006ed4        0xc ..\obj\STM32F1_VC_Prop.o
                0x08006ed4                Stm32f1VCPortGetConfigDescriptor
 .text.Stm32f1VCPortGetStringDescriptor
                0x08006ee0       0x20 ..\obj\STM32F1_VC_Prop.o
                0x08006ee0                Stm32f1VCPortGetStringDescriptor
 .text.Stm32f1VCPortGetLineCoding
                0x08006f00       0x18 ..\obj\STM32F1_VC_Prop.o
                0x08006f00                Stm32f1VCPortGetLineCoding
 .text.pvPortMalloc
                0x08006f18       0xbc ..\obj\heap_2.o
                0x08006f18                pvPortMalloc
 .text.vPortFree
                0x08006fd4       0x40 ..\obj\heap_2.o
                0x08006fd4                vPortFree
 .text.iNEMO_AHRS_Init
                0x08007014      0x3d8 ..\..\..\..\..\iNEMO_AHRS_v121\CooCox_Lib\libinemo_m1_ahrs_lib_v121.a(iNEMO_AHRS.o)
                0x08007014                iNEMO_AHRS_Init
 .text.iNEMO_AHRS_Update
                0x080073ec     0x187c ..\..\..\..\..\iNEMO_AHRS_v121\CooCox_Lib\libinemo_m1_ahrs_lib_v121.a(iNEMO_AHRS.o)
                0x080073ec                iNEMO_AHRS_Update
 .text.iNEMO_fMatCreate
                0x08008c68       0x90 ..\..\..\..\..\iNEMO_AHRS_v121\CooCox_Lib\libinemo_m1_ahrs_lib_v121.a(iNEMO_math.o)
                0x08008c68                iNEMO_fMatCreate
 .text.iNEMO_sMatCreate
                0x08008cf8       0x90 ..\..\..\..\..\iNEMO_AHRS_v121\CooCox_Lib\libinemo_m1_ahrs_lib_v121.a(iNEMO_math.o)
                0x08008cf8                iNEMO_sMatCreate
 .text.iNEMO_fMatCreateInit
                0x08008d88       0xe8 ..\..\..\..\..\iNEMO_AHRS_v121\CooCox_Lib\libinemo_m1_ahrs_lib_v121.a(iNEMO_math.o)
                0x08008d88                iNEMO_fMatCreateInit
 .text.iNEMO_fMatFill
                0x08008e70       0x6c ..\..\..\..\..\iNEMO_AHRS_v121\CooCox_Lib\libinemo_m1_ahrs_lib_v121.a(iNEMO_math.o)
                0x08008e70                iNEMO_fMatFill
 .text.iNEMO_fMatFree
                0x08008edc       0x64 ..\..\..\..\..\iNEMO_AHRS_v121\CooCox_Lib\libinemo_m1_ahrs_lib_v121.a(iNEMO_math.o)
                0x08008edc                iNEMO_fMatFree
 .text.iNEMO_sMatFree
                0x08008f40       0x64 ..\..\..\..\..\iNEMO_AHRS_v121\CooCox_Lib\libinemo_m1_ahrs_lib_v121.a(iNEMO_math.o)
                0x08008f40                iNEMO_sMatFree
 .text.iNEMO_fMatCopy
                0x08008fa4       0xa8 ..\..\..\..\..\iNEMO_AHRS_v121\CooCox_Lib\libinemo_m1_ahrs_lib_v121.a(iNEMO_math.o)
                0x08008fa4                iNEMO_fMatCopy
 .text.iNEMO_fMatAdd
                0x0800904c       0xc8 ..\..\..\..\..\iNEMO_AHRS_v121\CooCox_Lib\libinemo_m1_ahrs_lib_v121.a(iNEMO_math.o)
                0x0800904c                iNEMO_fMatAdd
 .text.iNEMO_fMatSub
                0x08009114       0xc8 ..\..\..\..\..\iNEMO_AHRS_v121\CooCox_Lib\libinemo_m1_ahrs_lib_v121.a(iNEMO_math.o)
                0x08009114                iNEMO_fMatSub
 .text.iNEMO_fMatMulMat
                0x080091dc      0x124 ..\..\..\..\..\iNEMO_AHRS_v121\CooCox_Lib\libinemo_m1_ahrs_lib_v121.a(iNEMO_math.o)
                0x080091dc                iNEMO_fMatMulMat
 .text.iNEMO_fMatMulMatMT
                0x08009300      0x124 ..\..\..\..\..\iNEMO_AHRS_v121\CooCox_Lib\libinemo_m1_ahrs_lib_v121.a(iNEMO_math.o)
                0x08009300                iNEMO_fMatMulMatMT
 .text.iNEMO_fMatInv
                0x08009424      0x10c ..\..\..\..\..\iNEMO_AHRS_v121\CooCox_Lib\libinemo_m1_ahrs_lib_v121.a(iNEMO_math.o)
                0x08009424                iNEMO_fMatInv
 .text.iNEMO_MatLUP
                0x08009530      0x330 ..\..\..\..\..\iNEMO_AHRS_v121\CooCox_Lib\libinemo_m1_ahrs_lib_v121.a(iNEMO_math.o)
                0x08009530                iNEMO_MatLUP
 .text.iNEMO_MatBackSubs
                0x08009860      0x270 ..\..\..\..\..\iNEMO_AHRS_v121\CooCox_Lib\libinemo_m1_ahrs_lib_v121.a(iNEMO_math.o)
                0x08009860                iNEMO_MatBackSubs
 .text.iNEMO_PropagateP
                0x08009ad0       0x5c ..\..\..\..\..\iNEMO_AHRS_v121\CooCox_Lib\libinemo_m1_ahrs_lib_v121.a(iNEMO_EKF.o)
                0x08009ad0                iNEMO_PropagateP
 .text.iNEMO_CalculateK
                0x08009b2c       0xa8 ..\..\..\..\..\iNEMO_AHRS_v121\CooCox_Lib\libinemo_m1_ahrs_lib_v121.a(iNEMO_EKF.o)
                0x08009b2c                iNEMO_CalculateK
 .text.iNEMO_UpdateP
                0x08009bd4       0x80 ..\..\..\..\..\iNEMO_AHRS_v121\CooCox_Lib\libinemo_m1_ahrs_lib_v121.a(iNEMO_EKF.o)
                0x08009bd4                iNEMO_UpdateP
 .text.cos      0x08009c54       0x90 c:/coocox/gnu tools arm embedded/5.4 2016q3/bin/../lib/gcc/arm-none-eabi/5.4.1/../../../../arm-none-eabi/lib/armv7-m\libm.a(lib_a-s_cos.o)
                0x08009c54                cos
 .text.sin      0x08009ce4       0x90 c:/coocox/gnu tools arm embedded/5.4 2016q3/bin/../lib/gcc/arm-none-eabi/5.4.1/../../../../arm-none-eabi/lib/armv7-m\libm.a(lib_a-s_sin.o)
                0x08009ce4                sin
 .text.asin     0x08009d74       0xb0 c:/coocox/gnu tools arm embedded/5.4 2016q3/bin/../lib/gcc/arm-none-eabi/5.4.1/../../../../arm-none-eabi/lib/armv7-m\libm.a(lib_a-w_asin.o)
                0x08009d74                asin
 .text.atan2    0x08009e24        0x4 c:/coocox/gnu tools arm embedded/5.4 2016q3/bin/../lib/gcc/arm-none-eabi/5.4.1/../../../../arm-none-eabi/lib/armv7-m\libm.a(lib_a-w_atan2.o)
                0x08009e24                atan2
 .text.sqrt     0x08009e28       0xb8 c:/coocox/gnu tools arm embedded/5.4 2016q3/bin/../lib/gcc/arm-none-eabi/5.4.1/../../../../arm-none-eabi/lib/armv7-m\libm.a(lib_a-w_sqrt.o)
                0x08009e28                sqrt
 .text.__ieee754_asin
                0x08009ee0      0x45c c:/coocox/gnu tools arm embedded/5.4 2016q3/bin/../lib/gcc/arm-none-eabi/5.4.1/../../../../arm-none-eabi/lib/armv7-m\libm.a(lib_a-e_asin.o)
                0x08009ee0                __ieee754_asin
 *fill*         0x0800a33c        0x4 
 .text.__ieee754_atan2
                0x0800a340      0x194 c:/coocox/gnu tools arm embedded/5.4 2016q3/bin/../lib/gcc/arm-none-eabi/5.4.1/../../../../arm-none-eabi/lib/armv7-m\libm.a(lib_a-e_atan2.o)
                0x0800a340                __ieee754_atan2
 *fill*         0x0800a4d4        0x4 
 .text.__ieee754_rem_pio2
                0x0800a4d8      0x42c c:/coocox/gnu tools arm embedded/5.4 2016q3/bin/../lib/gcc/arm-none-eabi/5.4.1/../../../../arm-none-eabi/lib/armv7-m\libm.a(lib_a-e_rem_pio2.o)
                0x0800a4d8                __ieee754_rem_pio2
 .text.__ieee754_sqrt
                0x0800a904      0x188 c:/coocox/gnu tools arm embedded/5.4 2016q3/bin/../lib/gcc/arm-none-eabi/5.4.1/../../../../arm-none-eabi/lib/armv7-m\libm.a(lib_a-e_sqrt.o)
                0x0800a904                __ieee754_sqrt
 *fill*         0x0800aa8c        0x4 
 .text.__kernel_cos
                0x0800aa90      0x248 c:/coocox/gnu tools arm embedded/5.4 2016q3/bin/../lib/gcc/arm-none-eabi/5.4.1/../../../../arm-none-eabi/lib/armv7-m\libm.a(lib_a-k_cos.o)
                0x0800aa90                __kernel_cos
 .text.__kernel_rem_pio2
                0x0800acd8      0x7f0 c:/coocox/gnu tools arm embedded/5.4 2016q3/bin/../lib/gcc/arm-none-eabi/5.4.1/../../../../arm-none-eabi/lib/armv7-m\libm.a(lib_a-k_rem_pio2.o)
                0x0800acd8                __kernel_rem_pio2
 .text.__kernel_sin
                0x0800b4c8      0x16c c:/coocox/gnu tools arm embedded/5.4 2016q3/bin/../lib/gcc/arm-none-eabi/5.4.1/../../../../arm-none-eabi/lib/armv7-m\libm.a(lib_a-k_sin.o)
                0x0800b4c8                __kernel_sin
 *fill*         0x0800b634        0x4 
 .text.atan     0x0800b638      0x33c c:/coocox/gnu tools arm embedded/5.4 2016q3/bin/../lib/gcc/arm-none-eabi/5.4.1/../../../../arm-none-eabi/lib/armv7-m\libm.a(lib_a-s_atan.o)
                0x0800b638                atan
 .text.fabs     0x0800b974        0x8 c:/coocox/gnu tools arm embedded/5.4 2016q3/bin/../lib/gcc/arm-none-eabi/5.4.1/../../../../arm-none-eabi/lib/armv7-m\libm.a(lib_a-s_fabs.o)
                0x0800b974                fabs
 *fill*         0x0800b97c        0x4 
 .text.floor    0x0800b980      0x110 c:/coocox/gnu tools arm embedded/5.4 2016q3/bin/../lib/gcc/arm-none-eabi/5.4.1/../../../../arm-none-eabi/lib/armv7-m\libm.a(lib_a-s_floor.o)
                0x0800b980                floor
 .text.matherr  0x0800ba90        0x4 c:/coocox/gnu tools arm embedded/5.4 2016q3/bin/../lib/gcc/arm-none-eabi/5.4.1/../../../../arm-none-eabi/lib/armv7-m\libm.a(lib_a-s_matherr.o)
                0x0800ba90                matherr
 .text.nan      0x0800ba94        0xc c:/coocox/gnu tools arm embedded/5.4 2016q3/bin/../lib/gcc/arm-none-eabi/5.4.1/../../../../arm-none-eabi/lib/armv7-m\libm.a(lib_a-s_nan.o)
                0x0800ba94                nan
 .text.scalbn   0x0800baa0       0xe4 c:/coocox/gnu tools arm embedded/5.4 2016q3/bin/../lib/gcc/arm-none-eabi/5.4.1/../../../../arm-none-eabi/lib/armv7-m\libm.a(lib_a-s_scalbn.o)
                0x0800baa0                scalbn
 .text.copysign
                0x0800bb84       0x10 c:/coocox/gnu tools arm embedded/5.4 2016q3/bin/../lib/gcc/arm-none-eabi/5.4.1/../../../../arm-none-eabi/lib/armv7-m\libm.a(lib_a-s_copysign.o)
                0x0800bb84                copysign
 .text          0x0800bb94      0x370 c:/coocox/gnu tools arm embedded/5.4 2016q3/bin/../lib/gcc/arm-none-eabi/5.4.1/armv7-m\libgcc.a(_arm_addsubdf3.o)
                0x0800bb94                __aeabi_drsub
                0x0800bb9c                __aeabi_dsub
                0x0800bb9c                __subdf3
                0x0800bba0                __aeabi_dadd
                0x0800bba0                __adddf3
                0x0800be18                __floatunsidf
                0x0800be18                __aeabi_ui2d
                0x0800be38                __floatsidf
                0x0800be38                __aeabi_i2d
                0x0800be5c                __aeabi_f2d
                0x0800be5c                __extendsfdf2
                0x0800be98                __floatundidf
                0x0800be98                __aeabi_ul2d
                0x0800bea8                __floatdidf
                0x0800bea8                __aeabi_l2d
 .text          0x0800bf04      0x424 c:/coocox/gnu tools arm embedded/5.4 2016q3/bin/../lib/gcc/arm-none-eabi/5.4.1/armv7-m\libgcc.a(_arm_muldivdf3.o)
                0x0800bf04                __aeabi_dmul
                0x0800bf04                __muldf3
                0x0800c158                __divdf3
                0x0800c158                __aeabi_ddiv
 .text          0x0800c328      0x110 c:/coocox/gnu tools arm embedded/5.4 2016q3/bin/../lib/gcc/arm-none-eabi/5.4.1/armv7-m\libgcc.a(_arm_cmpdf2.o)
                0x0800c328                __gtdf2
                0x0800c328                __gedf2
                0x0800c330                __ltdf2
                0x0800c330                __ledf2
                0x0800c338                __nedf2
                0x0800c338                __eqdf2
                0x0800c338                __cmpdf2
                0x0800c3b4                __aeabi_cdrcmple
                0x0800c3c4                __aeabi_cdcmpeq
                0x0800c3c4                __aeabi_cdcmple
                0x0800c3d4                __aeabi_dcmpeq
                0x0800c3e8                __aeabi_dcmplt
                0x0800c3fc                __aeabi_dcmple
                0x0800c410                __aeabi_dcmpge
                0x0800c424                __aeabi_dcmpgt
 .text          0x0800c438       0x2c c:/coocox/gnu tools arm embedded/5.4 2016q3/bin/../lib/gcc/arm-none-eabi/5.4.1/armv7-m\libgcc.a(_arm_unorddf2.o)
                0x0800c438                __unorddf2
                0x0800c438                __aeabi_dcmpun
 .text          0x0800c464       0x50 c:/coocox/gnu tools arm embedded/5.4 2016q3/bin/../lib/gcc/arm-none-eabi/5.4.1/armv7-m\libgcc.a(_arm_fixdfsi.o)
                0x0800c464                __aeabi_d2iz
                0x0800c464                __fixdfsi
 .text          0x0800c4b4       0xa0 c:/coocox/gnu tools arm embedded/5.4 2016q3/bin/../lib/gcc/arm-none-eabi/5.4.1/armv7-m\libgcc.a(_arm_truncdfsf2.o)
                0x0800c4b4                __truncdfsf2
                0x0800c4b4                __aeabi_d2f
 .text          0x0800c554      0x21c c:/coocox/gnu tools arm embedded/5.4 2016q3/bin/../lib/gcc/arm-none-eabi/5.4.1/armv7-m\libgcc.a(_arm_addsubsf3.o)
                0x0800c554                __aeabi_frsub
                0x0800c55c                __subsf3
                0x0800c55c                __aeabi_fsub
                0x0800c560                __aeabi_fadd
                0x0800c560                __addsf3
                0x0800c6c0                __aeabi_ui2f
                0x0800c6c0                __floatunsisf
                0x0800c6c8                __aeabi_i2f
                0x0800c6c8                __floatsisf
                0x0800c6e4                __aeabi_ul2f
                0x0800c6e4                __floatundisf
                0x0800c6f4                __aeabi_l2f
                0x0800c6f4                __floatdisf
 .text          0x0800c770      0x2a0 c:/coocox/gnu tools arm embedded/5.4 2016q3/bin/../lib/gcc/arm-none-eabi/5.4.1/armv7-m\libgcc.a(_arm_muldivsf3.o)
                0x0800c770                __mulsf3
                0x0800c770                __aeabi_fmul
                0x0800c8d8                __aeabi_fdiv
                0x0800c8d8                __divsf3
 .text          0x0800ca10       0xec c:/coocox/gnu tools arm embedded/5.4 2016q3/bin/../lib/gcc/arm-none-eabi/5.4.1/armv7-m\libgcc.a(_arm_cmpsf2.o)
                0x0800ca10                __gesf2
                0x0800ca10                __gtsf2
                0x0800ca18                __lesf2
                0x0800ca18                __ltsf2
                0x0800ca20                __nesf2
                0x0800ca20                __eqsf2
                0x0800ca20                __cmpsf2
                0x0800ca80                __aeabi_cfrcmple
                0x0800ca88                __aeabi_cfcmpeq
                0x0800ca88                __aeabi_cfcmple
                0x0800ca98                __aeabi_fcmpeq
                0x0800caac                __aeabi_fcmplt
                0x0800cac0                __aeabi_fcmple
                0x0800cad4                __aeabi_fcmpge
                0x0800cae8                __aeabi_fcmpgt
 .text          0x0800cafc       0x4c c:/coocox/gnu tools arm embedded/5.4 2016q3/bin/../lib/gcc/arm-none-eabi/5.4.1/armv7-m\libgcc.a(_arm_fixsfsi.o)
                0x0800cafc                __aeabi_f2iz
                0x0800cafc                __fixsfsi
 .text.__errno  0x0800cb48        0xc c:/coocox/gnu tools arm embedded/5.4 2016q3/bin/../lib/gcc/arm-none-eabi/5.4.1/../../../../arm-none-eabi/lib/armv7-m\libg.a(lib_a-errno.o)
                0x0800cb48                __errno
 .text          0x0800cb54       0xec c:/coocox/gnu tools arm embedded/5.4 2016q3/bin/../lib/gcc/arm-none-eabi/5.4.1/../../../../arm-none-eabi/lib/armv7-m\libg.a(lib_a-memcpy.o)
                0x0800cb54                memcpy
 .text.memmove  0x0800cc40       0xc8 c:/coocox/gnu tools arm embedded/5.4 2016q3/bin/../lib/gcc/arm-none-eabi/5.4.1/../../../../arm-none-eabi/lib/armv7-m\libg.a(lib_a-memmove.o)
                0x0800cc40                memmove
 .text.memset   0x0800cd08       0x9c c:/coocox/gnu tools arm embedded/5.4 2016q3/bin/../lib/gcc/arm-none-eabi/5.4.1/../../../../arm-none-eabi/lib/armv7-m\libg.a(lib_a-memset.o)
                0x0800cd08                memset
 .text.strlen   0x0800cda4       0x5c c:/coocox/gnu tools arm embedded/5.4 2016q3/bin/../lib/gcc/arm-none-eabi/5.4.1/../../../../arm-none-eabi/lib/armv7-m\libg.a(lib_a-strlen-stub.o)
                0x0800cda4                strlen
 .text._svfprintf_r
                0x0800ce00     0x1760 c:/coocox/gnu tools arm embedded/5.4 2016q3/bin/../lib/gcc/arm-none-eabi/5.4.1/../../../../arm-none-eabi/lib/armv7-m\libg.a(lib_a-svfprintf.o)
                0x0800ce00                _svfprintf_r
 .text._vsprintf_r
                0x0800e560       0x34 c:/coocox/gnu tools arm embedded/5.4 2016q3/bin/../lib/gcc/arm-none-eabi/5.4.1/../../../../arm-none-eabi/lib/armv7-m\libg.a(lib_a-vsprintf.o)
                0x0800e560                _vsprintf_r
 .text.vsprintf
                0x0800e594       0x18 c:/coocox/gnu tools arm embedded/5.4 2016q3/bin/../lib/gcc/arm-none-eabi/5.4.1/../../../../arm-none-eabi/lib/armv7-m\libg.a(lib_a-vsprintf.o)
                0x0800e594                vsprintf
 .text.quorem   0x0800e5ac      0x12c c:/coocox/gnu tools arm embedded/5.4 2016q3/bin/../lib/gcc/arm-none-eabi/5.4.1/../../../../arm-none-eabi/lib/armv7-m\libg.a(lib_a-dtoa.o)
 .text._dtoa_r  0x0800e6d8      0xe4c c:/coocox/gnu tools arm embedded/5.4 2016q3/bin/../lib/gcc/arm-none-eabi/5.4.1/../../../../arm-none-eabi/lib/armv7-m\libg.a(lib_a-dtoa.o)
                0x0800e6d8                _dtoa_r
 .text._localeconv_r
                0x0800f524       0x1c c:/coocox/gnu tools arm embedded/5.4 2016q3/bin/../lib/gcc/arm-none-eabi/5.4.1/../../../../arm-none-eabi/lib/armv7-m\libg.a(lib_a-localeconv.o)
                0x0800f524                _localeconv_r
 .text._malloc_r
                0x0800f540      0x558 c:/coocox/gnu tools arm embedded/5.4 2016q3/bin/../lib/gcc/arm-none-eabi/5.4.1/../../../../arm-none-eabi/lib/armv7-m\libg.a(lib_a-mallocr.o)
                0x0800f540                _malloc_r
 .text.memchr   0x0800fa98       0x8c c:/coocox/gnu tools arm embedded/5.4 2016q3/bin/../lib/gcc/arm-none-eabi/5.4.1/../../../../arm-none-eabi/lib/armv7-m\libg.a(lib_a-memchr-stub.o)
                0x0800fa98                memchr
 .text.__malloc_lock
                0x0800fb24        0x4 c:/coocox/gnu tools arm embedded/5.4 2016q3/bin/../lib/gcc/arm-none-eabi/5.4.1/../../../../arm-none-eabi/lib/armv7-m\libg.a(lib_a-mlock.o)
                0x0800fb24                __malloc_lock
 .text.__malloc_unlock
                0x0800fb28        0x4 c:/coocox/gnu tools arm embedded/5.4 2016q3/bin/../lib/gcc/arm-none-eabi/5.4.1/../../../../arm-none-eabi/lib/armv7-m\libg.a(lib_a-mlock.o)
                0x0800fb28                __malloc_unlock
 .text._Balloc  0x0800fb2c       0x50 c:/coocox/gnu tools arm embedded/5.4 2016q3/bin/../lib/gcc/arm-none-eabi/5.4.1/../../../../arm-none-eabi/lib/armv7-m\libg.a(lib_a-mprec.o)
                0x0800fb2c                _Balloc
 .text._Bfree   0x0800fb7c       0x14 c:/coocox/gnu tools arm embedded/5.4 2016q3/bin/../lib/gcc/arm-none-eabi/5.4.1/../../../../arm-none-eabi/lib/armv7-m\libg.a(lib_a-mprec.o)
                0x0800fb7c                _Bfree
 .text.__multadd
                0x0800fb90       0x80 c:/coocox/gnu tools arm embedded/5.4 2016q3/bin/../lib/gcc/arm-none-eabi/5.4.1/../../../../arm-none-eabi/lib/armv7-m\libg.a(lib_a-mprec.o)
                0x0800fb90                __multadd
 .text.__hi0bits
                0x0800fc10       0x40 c:/coocox/gnu tools arm embedded/5.4 2016q3/bin/../lib/gcc/arm-none-eabi/5.4.1/../../../../arm-none-eabi/lib/armv7-m\libg.a(lib_a-mprec.o)
                0x0800fc10                __hi0bits
 .text.__lo0bits
                0x0800fc50       0x5c c:/coocox/gnu tools arm embedded/5.4 2016q3/bin/../lib/gcc/arm-none-eabi/5.4.1/../../../../arm-none-eabi/lib/armv7-m\libg.a(lib_a-mprec.o)
                0x0800fc50                __lo0bits
 .text.__i2b    0x0800fcac       0x14 c:/coocox/gnu tools arm embedded/5.4 2016q3/bin/../lib/gcc/arm-none-eabi/5.4.1/../../../../arm-none-eabi/lib/armv7-m\libg.a(lib_a-mprec.o)
                0x0800fcac                __i2b
 .text.__multiply
                0x0800fcc0      0x13c c:/coocox/gnu tools arm embedded/5.4 2016q3/bin/../lib/gcc/arm-none-eabi/5.4.1/../../../../arm-none-eabi/lib/armv7-m\libg.a(lib_a-mprec.o)
                0x0800fcc0                __multiply
 .text.__pow5mult
                0x0800fdfc       0xa0 c:/coocox/gnu tools arm embedded/5.4 2016q3/bin/../lib/gcc/arm-none-eabi/5.4.1/../../../../arm-none-eabi/lib/armv7-m\libg.a(lib_a-mprec.o)
                0x0800fdfc                __pow5mult
 .text.__lshift
                0x0800fe9c       0xac c:/coocox/gnu tools arm embedded/5.4 2016q3/bin/../lib/gcc/arm-none-eabi/5.4.1/../../../../arm-none-eabi/lib/armv7-m\libg.a(lib_a-mprec.o)
                0x0800fe9c                __lshift
 .text.__mcmp   0x0800ff48       0x40 c:/coocox/gnu tools arm embedded/5.4 2016q3/bin/../lib/gcc/arm-none-eabi/5.4.1/../../../../arm-none-eabi/lib/armv7-m\libg.a(lib_a-mprec.o)
                0x0800ff48                __mcmp
 .text.__mdiff  0x0800ff88      0x128 c:/coocox/gnu tools arm embedded/5.4 2016q3/bin/../lib/gcc/arm-none-eabi/5.4.1/../../../../arm-none-eabi/lib/armv7-m\libg.a(lib_a-mprec.o)
                0x0800ff88                __mdiff
 .text.__d2b    0x080100b0       0xa8 c:/coocox/gnu tools arm embedded/5.4 2016q3/bin/../lib/gcc/arm-none-eabi/5.4.1/../../../../arm-none-eabi/lib/armv7-m\libg.a(lib_a-mprec.o)
                0x080100b0                __d2b
 .text._sbrk_r  0x08010158       0x24 c:/coocox/gnu tools arm embedded/5.4 2016q3/bin/../lib/gcc/arm-none-eabi/5.4.1/../../../../arm-none-eabi/lib/armv7-m\libg.a(lib_a-sbrkr.o)
                0x08010158                _sbrk_r
 .text.__ssprint_r
                0x0801017c      0x100 c:/coocox/gnu tools arm embedded/5.4 2016q3/bin/../lib/gcc/arm-none-eabi/5.4.1/../../../../arm-none-eabi/lib/armv7-m\libg.a(lib_a-svfiprintf.o)
                0x0801017c                __ssprint_r
 .text._calloc_r
                0x0801027c       0x60 c:/coocox/gnu tools arm embedded/5.4 2016q3/bin/../lib/gcc/arm-none-eabi/5.4.1/../../../../arm-none-eabi/lib/armv7-m\libg.a(lib_a-callocr.o)
                0x0801027c                _calloc_r
 .text._malloc_trim_r
                0x080102dc       0x9c c:/coocox/gnu tools arm embedded/5.4 2016q3/bin/../lib/gcc/arm-none-eabi/5.4.1/../../../../arm-none-eabi/lib/armv7-m\libg.a(lib_a-freer.o)
                0x080102dc                _malloc_trim_r
 .text._free_r  0x08010378      0x1d0 c:/coocox/gnu tools arm embedded/5.4 2016q3/bin/../lib/gcc/arm-none-eabi/5.4.1/../../../../arm-none-eabi/lib/armv7-m\libg.a(lib_a-freer.o)
                0x08010378                _free_r
 .text.__ascii_mbtowc
                0x08010548       0x2c c:/coocox/gnu tools arm embedded/5.4 2016q3/bin/../lib/gcc/arm-none-eabi/5.4.1/../../../../arm-none-eabi/lib/armv7-m\libg.a(lib_a-mbtowc_r.o)
                0x08010548                __ascii_mbtowc
 .text._realloc_r
                0x08010574      0x3d4 c:/coocox/gnu tools arm embedded/5.4 2016q3/bin/../lib/gcc/arm-none-eabi/5.4.1/../../../../arm-none-eabi/lib/armv7-m\libg.a(lib_a-reallocr.o)
                0x08010574                _realloc_r
 .text.__ascii_wctomb
                0x08010948       0x1c c:/coocox/gnu tools arm embedded/5.4 2016q3/bin/../lib/gcc/arm-none-eabi/5.4.1/../../../../arm-none-eabi/lib/armv7-m\libg.a(lib_a-wctomb_r.o)
                0x08010948                __ascii_wctomb
 .text          0x08010964       0x30 c:/coocox/gnu tools arm embedded/5.4 2016q3/bin/../lib/gcc/arm-none-eabi/5.4.1/armv7-m\libgcc.a(_aeabi_uldivmod.o)
                0x08010964                __aeabi_uldivmod
 .text          0x08010994      0x2ec c:/coocox/gnu tools arm embedded/5.4 2016q3/bin/../lib/gcc/arm-none-eabi/5.4.1/armv7-m\libgcc.a(_udivmoddi4.o)
                0x08010994                __udivmoddi4
 .text          0x08010c80        0x4 c:/coocox/gnu tools arm embedded/5.4 2016q3/bin/../lib/gcc/arm-none-eabi/5.4.1/armv7-m\libgcc.a(_dvmd_tls.o)
                0x08010c80                __aeabi_idiv0
                0x08010c80                __aeabi_ldiv0
 *(.glue_7t)
 .glue_7t       0x08010c84        0x0 linker stubs
 *(.glue_7)
 .glue_7        0x08010c84        0x0 linker stubs
 *(.rodata .rodata* .gnu.linkonce.r.*)
 .rodata.str1.4
                0x08010c84       0xf9 ..\obj\main.o
 *fill*         0x08010d7d        0x3 
 .rodata        0x08010d80       0xca ..\obj\STM32F1_VC_Desc.o
                0x08010d80                g_vectcVCPortStringProduct
                0x08010dc8                g_vectcVCPortStringVendor
                0x08010df0                g_vectcVCPortStringLangID
                0x08010df4                g_vectcVCPortConfigDescriptor
                0x08010e38                g_vectcVCPortDeviceDescriptor
 *fill*         0x08010e4a        0x2 
 .rodata.str1.4
                0x08010e4c        0x5 c:/coocox/gnu tools arm embedded/5.4 2016q3/bin/../lib/gcc/arm-none-eabi/5.4.1/../../../../arm-none-eabi/lib/armv7-m\libm.a(lib_a-w_asin.o)
                                  0x9 (size before relaxing)
 *fill*         0x08010e51        0x3 
 .rodata.str1.4
                0x08010e54        0x5 c:/coocox/gnu tools arm embedded/5.4 2016q3/bin/../lib/gcc/arm-none-eabi/5.4.1/../../../../arm-none-eabi/lib/armv7-m\libm.a(lib_a-w_sqrt.o)
 *fill*         0x08010e59        0x3 
 .rodata.npio2_hw
                0x08010e5c       0x80 c:/coocox/gnu tools arm embedded/5.4 2016q3/bin/../lib/gcc/arm-none-eabi/5.4.1/../../../../arm-none-eabi/lib/armv7-m\libm.a(lib_a-e_rem_pio2.o)
 .rodata.two_over_pi
                0x08010edc      0x108 c:/coocox/gnu tools arm embedded/5.4 2016q3/bin/../lib/gcc/arm-none-eabi/5.4.1/../../../../arm-none-eabi/lib/armv7-m\libm.a(lib_a-e_rem_pio2.o)
 .rodata.init_jk
                0x08010fe4       0x10 c:/coocox/gnu tools arm embedded/5.4 2016q3/bin/../lib/gcc/arm-none-eabi/5.4.1/../../../../arm-none-eabi/lib/armv7-m\libm.a(lib_a-k_rem_pio2.o)
 *fill*         0x08010ff4        0x4 
 .rodata.PIo2   0x08010ff8       0x40 c:/coocox/gnu tools arm embedded/5.4 2016q3/bin/../lib/gcc/arm-none-eabi/5.4.1/../../../../arm-none-eabi/lib/armv7-m\libm.a(lib_a-k_rem_pio2.o)
 .rodata.atanlo
                0x08011038       0x20 c:/coocox/gnu tools arm embedded/5.4 2016q3/bin/../lib/gcc/arm-none-eabi/5.4.1/../../../../arm-none-eabi/lib/armv7-m\libm.a(lib_a-s_atan.o)
 .rodata.atanhi
                0x08011058       0x20 c:/coocox/gnu tools arm embedded/5.4 2016q3/bin/../lib/gcc/arm-none-eabi/5.4.1/../../../../arm-none-eabi/lib/armv7-m\libm.a(lib_a-s_atan.o)
 .rodata.zeroes.7256
                0x08011078       0x10 c:/coocox/gnu tools arm embedded/5.4 2016q3/bin/../lib/gcc/arm-none-eabi/5.4.1/../../../../arm-none-eabi/lib/armv7-m\libg.a(lib_a-svfprintf.o)
 .rodata.str1.4
                0x08011088       0x42 c:/coocox/gnu tools arm embedded/5.4 2016q3/bin/../lib/gcc/arm-none-eabi/5.4.1/../../../../arm-none-eabi/lib/armv7-m\libg.a(lib_a-svfprintf.o)
 *fill*         0x080110ca        0x2 
 .rodata.blanks.7255
                0x080110cc       0x10 c:/coocox/gnu tools arm embedded/5.4 2016q3/bin/../lib/gcc/arm-none-eabi/5.4.1/../../../../arm-none-eabi/lib/armv7-m\libg.a(lib_a-svfprintf.o)
 .rodata.str1.4
                0x080110dc       0x10 c:/coocox/gnu tools arm embedded/5.4 2016q3/bin/../lib/gcc/arm-none-eabi/5.4.1/../../../../arm-none-eabi/lib/armv7-m\libg.a(lib_a-dtoa.o)
                                 0x12 (size before relaxing)
 *fill*         0x080110ec        0x4 
 .rodata.__mprec_tens
                0x080110f0       0xc8 c:/coocox/gnu tools arm embedded/5.4 2016q3/bin/../lib/gcc/arm-none-eabi/5.4.1/../../../../arm-none-eabi/lib/armv7-m\libg.a(lib_a-mprec.o)
                0x080110f0                __mprec_tens
 .rodata.p05.6085
                0x080111b8        0xc c:/coocox/gnu tools arm embedded/5.4 2016q3/bin/../lib/gcc/arm-none-eabi/5.4.1/../../../../arm-none-eabi/lib/armv7-m\libg.a(lib_a-mprec.o)
 *fill*         0x080111c4        0x4 
 .rodata.__mprec_bigtens
                0x080111c8       0x28 c:/coocox/gnu tools arm embedded/5.4 2016q3/bin/../lib/gcc/arm-none-eabi/5.4.1/../../../../arm-none-eabi/lib/armv7-m\libg.a(lib_a-mprec.o)
                0x080111c8                __mprec_bigtens
 .rodata.str1.4
                0x080111f0       0x10 c:/coocox/gnu tools arm embedded/5.4 2016q3/bin/../lib/gcc/arm-none-eabi/5.4.1/../../../../arm-none-eabi/lib/armv7-m\libg.a(lib_a-locale.o)
                                 0x12 (size before relaxing)
 .rodata._ctype_
                0x08011200      0x101 c:/coocox/gnu tools arm embedded/5.4 2016q3/bin/../lib/gcc/arm-none-eabi/5.4.1/../../../../arm-none-eabi/lib/armv7-m\libg.a(lib_a-ctype_.o)
                0x08011200                _ctype_

.vfp11_veneer   0x08011304        0x0
 .vfp11_veneer  0x08011304        0x0 linker stubs

.v4_bx          0x08011304        0x0
 .v4_bx         0x08011304        0x0 linker stubs

.init           0x08011304        0x4
 .init          0x08011304        0x4 c:/coocox/gnu tools arm embedded/5.4 2016q3/bin/../lib/gcc/arm-none-eabi/5.4.1/armv7-m/crti.o
                0x08011304                _init

.fini           0x08011308        0x4
 .fini          0x08011308        0x4 c:/coocox/gnu tools arm embedded/5.4 2016q3/bin/../lib/gcc/arm-none-eabi/5.4.1/armv7-m/crti.o
                0x08011308                _fini

.iplt           0x0801130c        0x0
 .iplt          0x0801130c        0x0 c:/coocox/gnu tools arm embedded/5.4 2016q3/bin/../lib/gcc/arm-none-eabi/5.4.1/armv7-m/crtbegin.o

.ARM.extab
 *(.ARM.extab* .gnu.linkonce.armextab.*)
                0x0801130c                __exidx_start = .

.ARM.exidx      0x0801130c        0x8
 *(.ARM.exidx* .gnu.linkonce.armexidx.*)
 .ARM.exidx     0x0801130c        0x8 c:/coocox/gnu tools arm embedded/5.4 2016q3/bin/../lib/gcc/arm-none-eabi/5.4.1/armv7-m\libgcc.a(_udivmoddi4.o)
                0x08011314                __exidx_end = .

.rel.dyn        0x08011314        0x0
 .rel.iplt      0x08011314        0x0 c:/coocox/gnu tools arm embedded/5.4 2016q3/bin/../lib/gcc/arm-none-eabi/5.4.1/armv7-m/crtbegin.o
                0x08011314                . = ALIGN (0x4)
                0x08011314                _etext = .
                0x08011314                _sidata = .

.data           0x20000000      0xab8 load address 0x08011314
                0x20000000                _sdata = .
 *(.data .data.*)
 .data          0x20000000       0x14 ..\obj\stm32f10x_rcc.o
 .data          0x20000014        0x4 ..\obj\iNEMO_Button.o
                0x20000014                BUTTON_PORT
 .data          0x20000018        0x4 ..\obj\tasks.o
 .data          0x2000001c        0x4 ..\obj\iNemoLed.o
                0x2000001c                LED_PORT
 .data          0x20000020       0x38 ..\obj\STM32F1_VC_Istr.o
                0x20000020                pEpInt_OUT
                0x2000003c                pEpInt_IN
 .data          0x20000058        0x4 ..\obj\port.o
 .data          0x2000005c       0x1a ..\obj\STM32F1_VC_Desc.o
                0x2000005c                g_vectcVCPortStringSerial
 *fill*         0x20000076        0x2 
 .data          0x20000078       0x8e ..\obj\STM32F1_VC_Prop.o
                0x20000078                linecoding
                0x20000080                Device_Property
                0x200000b0                Device_Descriptor
                0x200000b8                Config_Descriptor
                0x200000c0                String_Descriptor
                0x200000e0                User_Standard_Requests
                0x20000104                Device_Table
 *fill*         0x20000106        0x2 
 .data          0x20000108        0x4 ..\obj\heap_2.o
 .data.__fdlib_version
                0x2000010c        0x1 c:/coocox/gnu tools arm embedded/5.4 2016q3/bin/../lib/gcc/arm-none-eabi/5.4.1/../../../../arm-none-eabi/lib/armv7-m\libm.a(lib_a-s_lib_ver.o)
                0x2000010c                __fdlib_version
 *fill*         0x2000010d        0x3 
 .data.impure_data
                0x20000110      0x428 c:/coocox/gnu tools arm embedded/5.4 2016q3/bin/../lib/gcc/arm-none-eabi/5.4.1/../../../../arm-none-eabi/lib/armv7-m\libg.a(lib_a-impure.o)
 .data._impure_ptr
                0x20000538        0x4 c:/coocox/gnu tools arm embedded/5.4 2016q3/bin/../lib/gcc/arm-none-eabi/5.4.1/../../../../arm-none-eabi/lib/armv7-m\libg.a(lib_a-impure.o)
                0x20000538                _impure_ptr
 .data.__malloc_av_
                0x2000053c      0x408 c:/coocox/gnu tools arm embedded/5.4 2016q3/bin/../lib/gcc/arm-none-eabi/5.4.1/../../../../arm-none-eabi/lib/armv7-m\libg.a(lib_a-mallocr.o)
                0x2000053c                __malloc_av_
 .data.__malloc_trim_threshold
                0x20000944        0x4 c:/coocox/gnu tools arm embedded/5.4 2016q3/bin/../lib/gcc/arm-none-eabi/5.4.1/../../../../arm-none-eabi/lib/armv7-m\libg.a(lib_a-mallocr.o)
                0x20000944                __malloc_trim_threshold
 .data.__malloc_sbrk_base
                0x20000948        0x4 c:/coocox/gnu tools arm embedded/5.4 2016q3/bin/../lib/gcc/arm-none-eabi/5.4.1/../../../../arm-none-eabi/lib/armv7-m\libg.a(lib_a-mallocr.o)
                0x20000948                __malloc_sbrk_base
 .data.__global_locale
                0x2000094c      0x16c c:/coocox/gnu tools arm embedded/5.4 2016q3/bin/../lib/gcc/arm-none-eabi/5.4.1/../../../../arm-none-eabi/lib/armv7-m\libg.a(lib_a-locale.o)
                0x2000094c                __global_locale
                0x20000ab8                . = ALIGN (0x4)
                0x20000ab8                _edata = .

.igot.plt       0x20000ab8        0x0 load address 0x08011dcc
 .igot.plt      0x20000ab8        0x0 c:/coocox/gnu tools arm embedded/5.4 2016q3/bin/../lib/gcc/arm-none-eabi/5.4.1/armv7-m/crtbegin.o

.bss            0x20000ab8     0x4b88 load address 0x08011dcc
                0x20000ab8                _sbss = .
 *(.bss .bss.*)
 .bss           0x20000ab8        0x1 ..\obj\usb_core.o
                0x20000ab8                Data_Mul_MaxPacketSize
 *fill*         0x20000ab9        0x3 
 .bss           0x20000abc       0xcc ..\obj\iNEMO_I2C_Driver.o
                0x20000b84                I2CDirection
 .bss           0x20000b88       0xd2 ..\obj\UsbGatekeeper.o
 *fill*         0x20000c5a        0x2 
 .bss           0x20000c5c        0xc ..\obj\iNemo.o
 .bss           0x20000c68        0x4 ..\obj\STM32F1_VC_Pwr.o
                0x20000c68                bDeviceState
 .bss           0x20000c6c       0x24 ..\obj\main.o
                0x20000c6c                xTim2Raised
                0x20000c70                xQuat
                0x20000c80                xEulerAngles
                0x20000c8c                iter
 .bss           0x20000c90        0x4 ..\obj\STM32F1_VC_Endp.o
                0x20000c90                g_lVCNbBytesReceived
 .bss           0x20000c94       0xfc ..\obj\tasks.o
                0x20000c98                pxCurrentTCB
 .bss           0x20000d90      0x20c ..\obj\STM32F1_VC_General.o
 .bss           0x20000f9c        0x1 ..\obj\STM32F1_VC_Istr.o
                0x20000f9c                bIntPackSOF
 *fill*         0x20000f9d        0x3 
 .bss           0x20000fa0        0x4 ..\obj\syscalls.o
 .bss           0x20000fa4        0x1 ..\obj\STM32F1_VC_Prop.o
                0x20000fa4                Request
 *fill*         0x20000fa5        0x3 
 .bss           0x20000fa8     0x4414 ..\obj\heap_2.o
 .bss.__malloc_max_total_mem
                0x200053bc        0x4 c:/coocox/gnu tools arm embedded/5.4 2016q3/bin/../lib/gcc/arm-none-eabi/5.4.1/../../../../arm-none-eabi/lib/armv7-m\libg.a(lib_a-mallocr.o)
                0x200053bc                __malloc_max_total_mem
 .bss.__malloc_max_sbrked_mem
                0x200053c0        0x4 c:/coocox/gnu tools arm embedded/5.4 2016q3/bin/../lib/gcc/arm-none-eabi/5.4.1/../../../../arm-none-eabi/lib/armv7-m\libg.a(lib_a-mallocr.o)
                0x200053c0                __malloc_max_sbrked_mem
 .bss.__malloc_top_pad
                0x200053c4        0x4 c:/coocox/gnu tools arm embedded/5.4 2016q3/bin/../lib/gcc/arm-none-eabi/5.4.1/../../../../arm-none-eabi/lib/armv7-m\libg.a(lib_a-mallocr.o)
                0x200053c4                __malloc_top_pad
 .bss.__malloc_current_mallinfo
                0x200053c8       0x28 c:/coocox/gnu tools arm embedded/5.4 2016q3/bin/../lib/gcc/arm-none-eabi/5.4.1/../../../../arm-none-eabi/lib/armv7-m\libg.a(lib_a-mallocr.o)
                0x200053c8                __malloc_current_mallinfo
 *(COMMON)
 COMMON         0x200053f0        0x2 ..\obj\usb_core.o
                0x200053f0                StatusInfo
 *fill*         0x200053f2        0x2 
 COMMON         0x200053f4       0x2c ..\obj\iNEMO_I2C_Driver.o
                0x200053f4                I2CDMA_InitStructure
 COMMON         0x20005420        0x4 ..\obj\usb_int.o
                0x20005420                SaveRState
                0x20005422                SaveTState
 COMMON         0x20005424       0x32 ..\obj\usb_init.o
                0x20005424                SaveState
                0x20005428                pProperty
                0x2000542c                EPindex
                0x20005430                Device_Info
                0x2000544c                pUser_Standard_Requests
                0x20005450                pInformation
                0x20005454                wInterrupt_Mask
 *fill*         0x20005456        0x2 
 COMMON         0x20005458      0x150 ..\obj\main.o
                0x20005458                LSMAccInitStructure
                0x20005460                fMagXYZ
                0x2000546c                LSMAccFilterInitStructure
                0x20005474                data
                0x200054ec                xSensorData
                0x20005584                fAccXYZ
                0x20005590                LSMMagInitStructure
                0x20005594                L3GInitStructure
                0x2000559c                fGyroXYZ
 COMMON         0x200055a8       0x40 ..\obj\STM32F1_VC_Endp.o
                0x200055a8                g_vectcVCRxBuffer
 COMMON         0x200055e8        0x2 ..\obj\STM32F1_VC_Istr.o
                0x200055e8                wIstr
 *fill*         0x200055ea        0x2 
 COMMON         0x200055ec       0x50 ..\..\..\..\..\iNEMO_AHRS_v121\CooCox_Lib\libinemo_m1_ahrs_lib_v121.a(iNEMO_AHRS.o)
                0x200055ec                fAccRef
                0x200055f0                fMagRef
                0x200055f4                fHalfDt
                0x200055f8                pMat_Hja
                0x200055fc                pMat_Hjm
                0x20005600                pMat_Km
                0x20005604                pMat_Pnew
                0x20005608                pMat_Ka
                0x2000560c                pMat_Ra
                0x20005610                pMat_Rm
                0x20005614                fSV
                0x20005630                pMat_P
                0x20005634                pMat_Fsys
                0x20005638                pMat_Q
 COMMON         0x2000563c        0x4 c:/coocox/gnu tools arm embedded/5.4 2016q3/bin/../lib/gcc/arm-none-eabi/5.4.1/../../../../arm-none-eabi/lib/armv7-m\libg.a(lib_a-reent.o)
                0x2000563c                errno
                0x20005640                . = ALIGN (0x4)
                0x20005640                _ebss = .

.co_stack       0x20005640      0x400 load address 0x08016954
                0x20005640                . = ALIGN (0x8)
 *(.co_stack .co_stack.*)
 .co_stack      0x20005640      0x400 ..\obj\startup_stm32f10x_hd.o
                0x20005640                pulStack
                0x20005a40                . = ALIGN (0x4)
                0x20005a40                _end = .
LOAD ..\obj\stm32f10x_rtc.o
LOAD ..\obj\otgd_fs_pcd.o
LOAD ..\obj\usb_core.o
LOAD ..\obj\stm32f10x_tim.o
LOAD ..\obj\iNEMO_AHRS_MemMan_2.o
LOAD ..\obj\LSM303DLHC.o
LOAD ..\obj\iNEMO_I2C_Driver.o
LOAD ..\obj\UsbGatekeeper.o
LOAD ..\obj\usb_int.o
LOAD ..\obj\stm32f10x_dbgmcu.o
LOAD ..\obj\system_stm32f10x.o
LOAD ..\obj\iNemo.o
LOAD ..\obj\startup_stm32f10x_hd.o
LOAD ..\obj\usb_regs.o
LOAD ..\obj\stm32f10x_fsmc.o
LOAD ..\obj\stm32f10x_pwr.o
LOAD ..\obj\stm32f10x_can.o
LOAD ..\obj\iNemoLib.o
LOAD ..\obj\STM32F1_VC_Pwr.o
LOAD ..\obj\stm32f10x_gpio.o
LOAD ..\obj\stm32f10x_dac.o
LOAD ..\obj\usb_init.o
LOAD ..\obj\main.o
LOAD ..\obj\utils.o
LOAD ..\obj\STM32F1_VC_Endp.o
LOAD ..\obj\otgd_fs_dev.o
LOAD ..\obj\timers.o
LOAD ..\obj\stm32f10x_crc.o
LOAD ..\obj\stm32f10x_rcc.o
LOAD ..\obj\iNEMO_Button.o
LOAD ..\obj\stm32f10x_exti.o
LOAD ..\obj\tasks.o
LOAD ..\obj\iNemoHandlers.o
LOAD ..\obj\STM32F1_VC_General.o
LOAD ..\obj\stm32f10x_adc.o
LOAD ..\obj\iNemoLed.o
LOAD ..\obj\stm32f10x_usart.o
LOAD ..\obj\otgd_fs_int.o
LOAD ..\obj\L3Gx.o
LOAD ..\obj\STM32F1_VC_Istr.o
LOAD ..\obj\usb_sil.o
LOAD ..\obj\list.o
LOAD ..\obj\syscalls.o
LOAD ..\obj\otgd_fs_cal.o
LOAD ..\obj\stm32f10x_flash.o
LOAD ..\obj\stm32f10x_it.o
LOAD ..\obj\stm32f10x_cec.o
LOAD ..\obj\iNEMO_Compass.o
LOAD ..\obj\port.o
LOAD ..\obj\queue.o
LOAD ..\obj\stm32f10x_sdio.o
LOAD ..\obj\stm32f10x_dma.o
LOAD ..\obj\croutine.o
LOAD ..\obj\event_groups.o
LOAD ..\obj\misc.o
LOAD ..\obj\STM32F1_VC_Desc.o
LOAD ..\obj\iNemo_SPI_Driver.o
LOAD ..\obj\stm32f10x_wwdg.o
LOAD ..\obj\stm32f10x_spi.o
LOAD ..\obj\LPS331AP.o
LOAD ..\obj\position_get.o
LOAD ..\obj\stm32f10x_i2c.o
LOAD ..\obj\usb_mem.o
LOAD ..\obj\STM32F1_VC_Prop.o
LOAD ..\obj\heap_2.o
LOAD ..\obj\stm32f10x_bkp.o
LOAD ..\obj\stm32f10x_iwdg.o
LOAD ..\..\..\..\..\iNEMO_AHRS_v121\CooCox_Lib\libinemo_m1_ahrs_lib_v121.a
LOAD c:/coocox/gnu tools arm embedded/5.4 2016q3/bin/../lib/gcc/arm-none-eabi/5.4.1/../../../../arm-none-eabi/lib/armv7-m\libm.a
START GROUP
LOAD c:/coocox/gnu tools arm embedded/5.4 2016q3/bin/../lib/gcc/arm-none-eabi/5.4.1/armv7-m\libgcc.a
LOAD c:/coocox/gnu tools arm embedded/5.4 2016q3/bin/../lib/gcc/arm-none-eabi/5.4.1/../../../../arm-none-eabi/lib/armv7-m\libg.a
LOAD c:/coocox/gnu tools arm embedded/5.4 2016q3/bin/../lib/gcc/arm-none-eabi/5.4.1/../../../../arm-none-eabi/lib/armv7-m\libc.a
END GROUP
LOAD c:/coocox/gnu tools arm embedded/5.4 2016q3/bin/../lib/gcc/arm-none-eabi/5.4.1/armv7-m/crtend.o
LOAD c:/coocox/gnu tools arm embedded/5.4 2016q3/bin/../lib/gcc/arm-none-eabi/5.4.1/armv7-m/crtn.o
OUTPUT(M1_Discovery_System.elf elf32-littlearm)

.SECTION251     0x0807f800        0x0

.ARM.attributes
                0x00000000       0x29
 .ARM.attributes
                0x00000000       0x1d c:/coocox/gnu tools arm embedded/5.4 2016q3/bin/../lib/gcc/arm-none-eabi/5.4.1/armv7-m/crti.o
 .ARM.attributes
                0x0000001d       0x33 ..\obj\usb_core.o
 .ARM.attributes
                0x00000050       0x33 ..\obj\stm32f10x_tim.o
 .ARM.attributes
                0x00000083       0x33 ..\obj\iNEMO_AHRS_MemMan_2.o
 .ARM.attributes
                0x000000b6       0x33 ..\obj\LSM303DLHC.o
 .ARM.attributes
                0x000000e9       0x33 ..\obj\iNEMO_I2C_Driver.o
 .ARM.attributes
                0x0000011c       0x33 ..\obj\UsbGatekeeper.o
 .ARM.attributes
                0x0000014f       0x33 ..\obj\usb_int.o
 .ARM.attributes
                0x00000182       0x33 ..\obj\system_stm32f10x.o
 .ARM.attributes
                0x000001b5       0x33 ..\obj\iNemo.o
 .ARM.attributes
                0x000001e8       0x33 ..\obj\startup_stm32f10x_hd.o
 .ARM.attributes
                0x0000021b       0x33 ..\obj\usb_regs.o
 .ARM.attributes
                0x0000024e       0x33 ..\obj\STM32F1_VC_Pwr.o
 .ARM.attributes
                0x00000281       0x33 ..\obj\stm32f10x_gpio.o
 .ARM.attributes
                0x000002b4       0x33 ..\obj\usb_init.o
 .ARM.attributes
                0x000002e7       0x33 ..\obj\main.o
 .ARM.attributes
                0x0000031a       0x33 ..\obj\STM32F1_VC_Endp.o
 .ARM.attributes
                0x0000034d       0x33 ..\obj\stm32f10x_rcc.o
 .ARM.attributes
                0x00000380       0x33 ..\obj\iNEMO_Button.o
 .ARM.attributes
                0x000003b3       0x33 ..\obj\stm32f10x_exti.o
 .ARM.attributes
                0x000003e6       0x33 ..\obj\tasks.o
 .ARM.attributes
                0x00000419       0x33 ..\obj\STM32F1_VC_General.o
 .ARM.attributes
                0x0000044c       0x33 ..\obj\iNemoLed.o
 .ARM.attributes
                0x0000047f       0x33 ..\obj\L3Gx.o
 .ARM.attributes
                0x000004b2       0x33 ..\obj\STM32F1_VC_Istr.o
 .ARM.attributes
                0x000004e5       0x33 ..\obj\usb_sil.o
 .ARM.attributes
                0x00000518       0x33 ..\obj\list.o
 .ARM.attributes
                0x0000054b       0x33 ..\obj\syscalls.o
 .ARM.attributes
                0x0000057e       0x33 ..\obj\stm32f10x_it.o
 .ARM.attributes
                0x000005b1       0x33 ..\obj\port.o
 .ARM.attributes
                0x000005e4       0x33 ..\obj\queue.o
 .ARM.attributes
                0x00000617       0x33 ..\obj\stm32f10x_dma.o
 .ARM.attributes
                0x0000064a       0x33 ..\obj\misc.o
 .ARM.attributes
                0x0000067d       0x33 ..\obj\STM32F1_VC_Desc.o
 .ARM.attributes
                0x000006b0       0x33 ..\obj\iNemo_SPI_Driver.o
 .ARM.attributes
                0x000006e3       0x33 ..\obj\stm32f10x_spi.o
 .ARM.attributes
                0x00000716       0x33 ..\obj\position_get.o
 .ARM.attributes
                0x00000749       0x33 ..\obj\stm32f10x_i2c.o
 .ARM.attributes
                0x0000077c       0x33 ..\obj\usb_mem.o
 .ARM.attributes
                0x000007af       0x33 ..\obj\STM32F1_VC_Prop.o
 .ARM.attributes
                0x000007e2       0x33 ..\obj\heap_2.o
 .ARM.attributes
                0x00000815       0x33 ..\..\..\..\..\iNEMO_AHRS_v121\CooCox_Lib\libinemo_m1_ahrs_lib_v121.a(iNEMO_AHRS.o)
 .ARM.attributes
                0x00000848       0x33 ..\..\..\..\..\iNEMO_AHRS_v121\CooCox_Lib\libinemo_m1_ahrs_lib_v121.a(iNEMO_math.o)
 .ARM.attributes
                0x0000087b       0x33 ..\..\..\..\..\iNEMO_AHRS_v121\CooCox_Lib\libinemo_m1_ahrs_lib_v121.a(iNEMO_EKF.o)
 .ARM.attributes
                0x000008ae       0x2d c:/coocox/gnu tools arm embedded/5.4 2016q3/bin/../lib/gcc/arm-none-eabi/5.4.1/../../../../arm-none-eabi/lib/armv7-m\libm.a(lib_a-s_cos.o)
 .ARM.attributes
                0x000008db       0x2d c:/coocox/gnu tools arm embedded/5.4 2016q3/bin/../lib/gcc/arm-none-eabi/5.4.1/../../../../arm-none-eabi/lib/armv7-m\libm.a(lib_a-s_sin.o)
 .ARM.attributes
                0x00000908       0x2d c:/coocox/gnu tools arm embedded/5.4 2016q3/bin/../lib/gcc/arm-none-eabi/5.4.1/../../../../arm-none-eabi/lib/armv7-m\libm.a(lib_a-w_asin.o)
 .ARM.attributes
                0x00000935       0x2d c:/coocox/gnu tools arm embedded/5.4 2016q3/bin/../lib/gcc/arm-none-eabi/5.4.1/../../../../arm-none-eabi/lib/armv7-m\libm.a(lib_a-w_atan2.o)
 .ARM.attributes
                0x00000962       0x2d c:/coocox/gnu tools arm embedded/5.4 2016q3/bin/../lib/gcc/arm-none-eabi/5.4.1/../../../../arm-none-eabi/lib/armv7-m\libm.a(lib_a-w_sqrt.o)
 .ARM.attributes
                0x0000098f       0x2d c:/coocox/gnu tools arm embedded/5.4 2016q3/bin/../lib/gcc/arm-none-eabi/5.4.1/../../../../arm-none-eabi/lib/armv7-m\libm.a(lib_a-e_asin.o)
 .ARM.attributes
                0x000009bc       0x2d c:/coocox/gnu tools arm embedded/5.4 2016q3/bin/../lib/gcc/arm-none-eabi/5.4.1/../../../../arm-none-eabi/lib/armv7-m\libm.a(lib_a-e_atan2.o)
 .ARM.attributes
                0x000009e9       0x2d c:/coocox/gnu tools arm embedded/5.4 2016q3/bin/../lib/gcc/arm-none-eabi/5.4.1/../../../../arm-none-eabi/lib/armv7-m\libm.a(lib_a-e_rem_pio2.o)
 .ARM.attributes
                0x00000a16       0x2d c:/coocox/gnu tools arm embedded/5.4 2016q3/bin/../lib/gcc/arm-none-eabi/5.4.1/../../../../arm-none-eabi/lib/armv7-m\libm.a(lib_a-e_sqrt.o)
 .ARM.attributes
                0x00000a43       0x2d c:/coocox/gnu tools arm embedded/5.4 2016q3/bin/../lib/gcc/arm-none-eabi/5.4.1/../../../../arm-none-eabi/lib/armv7-m\libm.a(lib_a-k_cos.o)
 .ARM.attributes
                0x00000a70       0x2d c:/coocox/gnu tools arm embedded/5.4 2016q3/bin/../lib/gcc/arm-none-eabi/5.4.1/../../../../arm-none-eabi/lib/armv7-m\libm.a(lib_a-k_rem_pio2.o)
 .ARM.attributes
                0x00000a9d       0x2d c:/coocox/gnu tools arm embedded/5.4 2016q3/bin/../lib/gcc/arm-none-eabi/5.4.1/../../../../arm-none-eabi/lib/armv7-m\libm.a(lib_a-k_sin.o)
 .ARM.attributes
                0x00000aca       0x2d c:/coocox/gnu tools arm embedded/5.4 2016q3/bin/../lib/gcc/arm-none-eabi/5.4.1/../../../../arm-none-eabi/lib/armv7-m\libm.a(lib_a-s_atan.o)
 .ARM.attributes
                0x00000af7       0x2d c:/coocox/gnu tools arm embedded/5.4 2016q3/bin/../lib/gcc/arm-none-eabi/5.4.1/../../../../arm-none-eabi/lib/armv7-m\libm.a(lib_a-s_fabs.o)
 .ARM.attributes
                0x00000b24       0x2d c:/coocox/gnu tools arm embedded/5.4 2016q3/bin/../lib/gcc/arm-none-eabi/5.4.1/../../../../arm-none-eabi/lib/armv7-m\libm.a(lib_a-s_floor.o)
 .ARM.attributes
                0x00000b51       0x2d c:/coocox/gnu tools arm embedded/5.4 2016q3/bin/../lib/gcc/arm-none-eabi/5.4.1/../../../../arm-none-eabi/lib/armv7-m\libm.a(lib_a-s_lib_ver.o)
 .ARM.attributes
                0x00000b7e       0x2d c:/coocox/gnu tools arm embedded/5.4 2016q3/bin/../lib/gcc/arm-none-eabi/5.4.1/../../../../arm-none-eabi/lib/armv7-m\libm.a(lib_a-s_matherr.o)
 .ARM.attributes
                0x00000bab       0x2d c:/coocox/gnu tools arm embedded/5.4 2016q3/bin/../lib/gcc/arm-none-eabi/5.4.1/../../../../arm-none-eabi/lib/armv7-m\libm.a(lib_a-s_nan.o)
 .ARM.attributes
                0x00000bd8       0x2d c:/coocox/gnu tools arm embedded/5.4 2016q3/bin/../lib/gcc/arm-none-eabi/5.4.1/../../../../arm-none-eabi/lib/armv7-m\libm.a(lib_a-s_scalbn.o)
 .ARM.attributes
                0x00000c05       0x2d c:/coocox/gnu tools arm embedded/5.4 2016q3/bin/../lib/gcc/arm-none-eabi/5.4.1/../../../../arm-none-eabi/lib/armv7-m\libm.a(lib_a-s_copysign.o)
 .ARM.attributes
                0x00000c32       0x1d c:/coocox/gnu tools arm embedded/5.4 2016q3/bin/../lib/gcc/arm-none-eabi/5.4.1/armv7-m\libgcc.a(_arm_addsubdf3.o)
 .ARM.attributes
                0x00000c4f       0x1d c:/coocox/gnu tools arm embedded/5.4 2016q3/bin/../lib/gcc/arm-none-eabi/5.4.1/armv7-m\libgcc.a(_arm_muldivdf3.o)
 .ARM.attributes
                0x00000c6c       0x1d c:/coocox/gnu tools arm embedded/5.4 2016q3/bin/../lib/gcc/arm-none-eabi/5.4.1/armv7-m\libgcc.a(_arm_cmpdf2.o)
 .ARM.attributes
                0x00000c89       0x1d c:/coocox/gnu tools arm embedded/5.4 2016q3/bin/../lib/gcc/arm-none-eabi/5.4.1/armv7-m\libgcc.a(_arm_unorddf2.o)
 .ARM.attributes
                0x00000ca6       0x1d c:/coocox/gnu tools arm embedded/5.4 2016q3/bin/../lib/gcc/arm-none-eabi/5.4.1/armv7-m\libgcc.a(_arm_fixdfsi.o)
 .ARM.attributes
                0x00000cc3       0x1d c:/coocox/gnu tools arm embedded/5.4 2016q3/bin/../lib/gcc/arm-none-eabi/5.4.1/armv7-m\libgcc.a(_arm_truncdfsf2.o)
 .ARM.attributes
                0x00000ce0       0x1d c:/coocox/gnu tools arm embedded/5.4 2016q3/bin/../lib/gcc/arm-none-eabi/5.4.1/armv7-m\libgcc.a(_arm_addsubsf3.o)
 .ARM.attributes
                0x00000cfd       0x1d c:/coocox/gnu tools arm embedded/5.4 2016q3/bin/../lib/gcc/arm-none-eabi/5.4.1/armv7-m\libgcc.a(_arm_muldivsf3.o)
 .ARM.attributes
                0x00000d1a       0x1d c:/coocox/gnu tools arm embedded/5.4 2016q3/bin/../lib/gcc/arm-none-eabi/5.4.1/armv7-m\libgcc.a(_arm_cmpsf2.o)
 .ARM.attributes
                0x00000d37       0x1d c:/coocox/gnu tools arm embedded/5.4 2016q3/bin/../lib/gcc/arm-none-eabi/5.4.1/armv7-m\libgcc.a(_arm_fixsfsi.o)
 .ARM.attributes
                0x00000d54       0x2d c:/coocox/gnu tools arm embedded/5.4 2016q3/bin/../lib/gcc/arm-none-eabi/5.4.1/../../../../arm-none-eabi/lib/armv7-m\libg.a(lib_a-errno.o)
 .ARM.attributes
                0x00000d81       0x2d c:/coocox/gnu tools arm embedded/5.4 2016q3/bin/../lib/gcc/arm-none-eabi/5.4.1/../../../../arm-none-eabi/lib/armv7-m\libg.a(lib_a-impure.o)
 .ARM.attributes
                0x00000dae       0x1b c:/coocox/gnu tools arm embedded/5.4 2016q3/bin/../lib/gcc/arm-none-eabi/5.4.1/../../../../arm-none-eabi/lib/armv7-m\libg.a(lib_a-memcpy.o)
 .ARM.attributes
                0x00000dc9       0x2d c:/coocox/gnu tools arm embedded/5.4 2016q3/bin/../lib/gcc/arm-none-eabi/5.4.1/../../../../arm-none-eabi/lib/armv7-m\libg.a(lib_a-memmove.o)
 .ARM.attributes
                0x00000df6       0x2d c:/coocox/gnu tools arm embedded/5.4 2016q3/bin/../lib/gcc/arm-none-eabi/5.4.1/../../../../arm-none-eabi/lib/armv7-m\libg.a(lib_a-memset.o)
 .ARM.attributes
                0x00000e23       0x2d c:/coocox/gnu tools arm embedded/5.4 2016q3/bin/../lib/gcc/arm-none-eabi/5.4.1/../../../../arm-none-eabi/lib/armv7-m\libg.a(lib_a-strlen-stub.o)
 .ARM.attributes
                0x00000e50       0x2d c:/coocox/gnu tools arm embedded/5.4 2016q3/bin/../lib/gcc/arm-none-eabi/5.4.1/../../../../arm-none-eabi/lib/armv7-m\libg.a(lib_a-svfprintf.o)
 .ARM.attributes
                0x00000e7d       0x2d c:/coocox/gnu tools arm embedded/5.4 2016q3/bin/../lib/gcc/arm-none-eabi/5.4.1/../../../../arm-none-eabi/lib/armv7-m\libg.a(lib_a-vsprintf.o)
 .ARM.attributes
                0x00000eaa       0x2d c:/coocox/gnu tools arm embedded/5.4 2016q3/bin/../lib/gcc/arm-none-eabi/5.4.1/../../../../arm-none-eabi/lib/armv7-m\libg.a(lib_a-dtoa.o)
 .ARM.attributes
                0x00000ed7       0x2d c:/coocox/gnu tools arm embedded/5.4 2016q3/bin/../lib/gcc/arm-none-eabi/5.4.1/../../../../arm-none-eabi/lib/armv7-m\libg.a(lib_a-localeconv.o)
 .ARM.attributes
                0x00000f04       0x2d c:/coocox/gnu tools arm embedded/5.4 2016q3/bin/../lib/gcc/arm-none-eabi/5.4.1/../../../../arm-none-eabi/lib/armv7-m\libg.a(lib_a-mallocr.o)
 .ARM.attributes
                0x00000f31       0x2d c:/coocox/gnu tools arm embedded/5.4 2016q3/bin/../lib/gcc/arm-none-eabi/5.4.1/../../../../arm-none-eabi/lib/armv7-m\libg.a(lib_a-memchr-stub.o)
 .ARM.attributes
                0x00000f5e       0x2d c:/coocox/gnu tools arm embedded/5.4 2016q3/bin/../lib/gcc/arm-none-eabi/5.4.1/../../../../arm-none-eabi/lib/armv7-m\libg.a(lib_a-mlock.o)
 .ARM.attributes
                0x00000f8b       0x2d c:/coocox/gnu tools arm embedded/5.4 2016q3/bin/../lib/gcc/arm-none-eabi/5.4.1/../../../../arm-none-eabi/lib/armv7-m\libg.a(lib_a-mprec.o)
 .ARM.attributes
                0x00000fb8       0x2d c:/coocox/gnu tools arm embedded/5.4 2016q3/bin/../lib/gcc/arm-none-eabi/5.4.1/../../../../arm-none-eabi/lib/armv7-m\libg.a(lib_a-sbrkr.o)
 .ARM.attributes
                0x00000fe5       0x2d c:/coocox/gnu tools arm embedded/5.4 2016q3/bin/../lib/gcc/arm-none-eabi/5.4.1/../../../../arm-none-eabi/lib/armv7-m\libg.a(lib_a-svfiprintf.o)
 .ARM.attributes
                0x00001012       0x2d c:/coocox/gnu tools arm embedded/5.4 2016q3/bin/../lib/gcc/arm-none-eabi/5.4.1/../../../../arm-none-eabi/lib/armv7-m\libg.a(lib_a-callocr.o)
 .ARM.attributes
                0x0000103f       0x2d c:/coocox/gnu tools arm embedded/5.4 2016q3/bin/../lib/gcc/arm-none-eabi/5.4.1/../../../../arm-none-eabi/lib/armv7-m\libg.a(lib_a-freer.o)
 .ARM.attributes
                0x0000106c       0x2d c:/coocox/gnu tools arm embedded/5.4 2016q3/bin/../lib/gcc/arm-none-eabi/5.4.1/../../../../arm-none-eabi/lib/armv7-m\libg.a(lib_a-locale.o)
 .ARM.attributes
                0x00001099       0x2d c:/coocox/gnu tools arm embedded/5.4 2016q3/bin/../lib/gcc/arm-none-eabi/5.4.1/../../../../arm-none-eabi/lib/armv7-m\libg.a(lib_a-mbtowc_r.o)
 .ARM.attributes
                0x000010c6       0x2d c:/coocox/gnu tools arm embedded/5.4 2016q3/bin/../lib/gcc/arm-none-eabi/5.4.1/../../../../arm-none-eabi/lib/armv7-m\libg.a(lib_a-reallocr.o)
 .ARM.attributes
                0x000010f3       0x2d c:/coocox/gnu tools arm embedded/5.4 2016q3/bin/../lib/gcc/arm-none-eabi/5.4.1/../../../../arm-none-eabi/lib/armv7-m\libg.a(lib_a-reent.o)
 .ARM.attributes
                0x00001120       0x2d c:/coocox/gnu tools arm embedded/5.4 2016q3/bin/../lib/gcc/arm-none-eabi/5.4.1/../../../../arm-none-eabi/lib/armv7-m\libg.a(lib_a-wctomb_r.o)
 .ARM.attributes
                0x0000114d       0x2d c:/coocox/gnu tools arm embedded/5.4 2016q3/bin/../lib/gcc/arm-none-eabi/5.4.1/../../../../arm-none-eabi/lib/armv7-m\libg.a(lib_a-ctype_.o)
 .ARM.attributes
                0x0000117a       0x1d c:/coocox/gnu tools arm embedded/5.4 2016q3/bin/../lib/gcc/arm-none-eabi/5.4.1/armv7-m\libgcc.a(_aeabi_uldivmod.o)
 .ARM.attributes
                0x00001197       0x2d c:/coocox/gnu tools arm embedded/5.4 2016q3/bin/../lib/gcc/arm-none-eabi/5.4.1/armv7-m\libgcc.a(_udivmoddi4.o)
 .ARM.attributes
                0x000011c4       0x1d c:/coocox/gnu tools arm embedded/5.4 2016q3/bin/../lib/gcc/arm-none-eabi/5.4.1/armv7-m\libgcc.a(_dvmd_tls.o)

.comment        0x00000000       0xde
 .comment       0x00000000       0x6e ..\obj\usb_core.o
                                 0x6f (size before relaxing)
 .comment       0x0000006e       0x6f ..\obj\stm32f10x_tim.o
 .comment       0x0000006e       0x6f ..\obj\iNEMO_AHRS_MemMan_2.o
 .comment       0x0000006e       0x6f ..\obj\LSM303DLHC.o
 .comment       0x0000006e       0x6f ..\obj\iNEMO_I2C_Driver.o
 .comment       0x0000006e       0x6f ..\obj\UsbGatekeeper.o
 .comment       0x0000006e       0x6f ..\obj\usb_int.o
 .comment       0x0000006e       0x6f ..\obj\system_stm32f10x.o
 .comment       0x0000006e       0x6f ..\obj\iNemo.o
 .comment       0x0000006e       0x6f ..\obj\startup_stm32f10x_hd.o
 .comment       0x0000006e       0x6f ..\obj\usb_regs.o
 .comment       0x0000006e       0x6f ..\obj\STM32F1_VC_Pwr.o
 .comment       0x0000006e       0x6f ..\obj\stm32f10x_gpio.o
 .comment       0x0000006e       0x6f ..\obj\usb_init.o
 .comment       0x0000006e       0x6f ..\obj\main.o
 .comment       0x0000006e       0x6f ..\obj\STM32F1_VC_Endp.o
 .comment       0x0000006e       0x6f ..\obj\stm32f10x_rcc.o
 .comment       0x0000006e       0x6f ..\obj\iNEMO_Button.o
 .comment       0x0000006e       0x6f ..\obj\stm32f10x_exti.o
 .comment       0x0000006e       0x6f ..\obj\tasks.o
 .comment       0x0000006e       0x6f ..\obj\STM32F1_VC_General.o
 .comment       0x0000006e       0x6f ..\obj\iNemoLed.o
 .comment       0x0000006e       0x6f ..\obj\L3Gx.o
 .comment       0x0000006e       0x6f ..\obj\STM32F1_VC_Istr.o
 .comment       0x0000006e       0x6f ..\obj\usb_sil.o
 .comment       0x0000006e       0x6f ..\obj\list.o
 .comment       0x0000006e       0x6f ..\obj\syscalls.o
 .comment       0x0000006e       0x6f ..\obj\stm32f10x_it.o
 .comment       0x0000006e       0x6f ..\obj\port.o
 .comment       0x0000006e       0x6f ..\obj\queue.o
 .comment       0x0000006e       0x6f ..\obj\stm32f10x_dma.o
 .comment       0x0000006e       0x6f ..\obj\misc.o
 .comment       0x0000006e       0x6f ..\obj\STM32F1_VC_Desc.o
 .comment       0x0000006e       0x6f ..\obj\iNemo_SPI_Driver.o
 .comment       0x0000006e       0x6f ..\obj\stm32f10x_spi.o
 .comment       0x0000006e       0x6f ..\obj\position_get.o
 .comment       0x0000006e       0x6f ..\obj\stm32f10x_i2c.o
 .comment       0x0000006e       0x6f ..\obj\usb_mem.o
 .comment       0x0000006e       0x6f ..\obj\STM32F1_VC_Prop.o
 .comment       0x0000006e       0x6f ..\obj\heap_2.o
 .comment       0x0000006e       0x70 ..\..\..\..\..\iNEMO_AHRS_v121\CooCox_Lib\libinemo_m1_ahrs_lib_v121.a(iNEMO_AHRS.o)
                                 0x71 (size before relaxing)
 .comment       0x000000de       0x71 ..\..\..\..\..\iNEMO_AHRS_v121\CooCox_Lib\libinemo_m1_ahrs_lib_v121.a(iNEMO_math.o)
 .comment       0x000000de       0x71 ..\..\..\..\..\iNEMO_AHRS_v121\CooCox_Lib\libinemo_m1_ahrs_lib_v121.a(iNEMO_EKF.o)

.debug_info     0x00000000    0x182e9
 .debug_info    0x00000000      0xf16 ..\obj\usb_core.o
 .debug_info    0x00000f16     0x2531 ..\obj\stm32f10x_tim.o
 .debug_info    0x00003447      0x109 ..\obj\iNEMO_AHRS_MemMan_2.o
 .debug_info    0x00003550     0x214b ..\obj\LSM303DLHC.o
 .debug_info    0x0000569b     0x1631 ..\obj\iNEMO_I2C_Driver.o
 .debug_info    0x00006ccc      0x444 ..\obj\UsbGatekeeper.o
 .debug_info    0x00007110      0x1fe ..\obj\usb_int.o
 .debug_info    0x0000730e      0x4c4 ..\obj\system_stm32f10x.o
 .debug_info    0x000077d2     0x10a7 ..\obj\iNemo.o
 .debug_info    0x00008879      0x122 ..\obj\startup_stm32f10x_hd.o
 .debug_info    0x0000899b      0xbc6 ..\obj\usb_regs.o
 .debug_info    0x00009561      0x3b4 ..\obj\STM32F1_VC_Pwr.o
 .debug_info    0x00009915      0x88f ..\obj\stm32f10x_gpio.o
 .debug_info    0x0000a1a4      0x454 ..\obj\usb_init.o
 .debug_info    0x0000a5f8     0x1838 ..\obj\main.o
 .debug_info    0x0000be30      0x179 ..\obj\STM32F1_VC_Endp.o
 .debug_info    0x0000bfa9      0x942 ..\obj\stm32f10x_rcc.o
 .debug_info    0x0000c8eb      0x781 ..\obj\iNEMO_Button.o
 .debug_info    0x0000d06c      0x343 ..\obj\stm32f10x_exti.o
 .debug_info    0x0000d3af     0x1b20 ..\obj\tasks.o
 .debug_info    0x0000eecf      0xe87 ..\obj\STM32F1_VC_General.o
 .debug_info    0x0000fd56      0x37a ..\obj\iNemoLed.o
 .debug_info    0x000100d0     0x14ab ..\obj\L3Gx.o
 .debug_info    0x0001157b      0x28f ..\obj\STM32F1_VC_Istr.o
 .debug_info    0x0001180a      0x254 ..\obj\usb_sil.o
 .debug_info    0x00011a5e      0x294 ..\obj\list.o
 .debug_info    0x00011cf2      0x454 ..\obj\syscalls.o
 .debug_info    0x00012146       0xf1 ..\obj\stm32f10x_it.o
 .debug_info    0x00012237      0x2cc ..\obj\port.o
 .debug_info    0x00012503     0x1307 ..\obj\queue.o
 .debug_info    0x0001380a      0x426 ..\obj\stm32f10x_dma.o
 .debug_info    0x00013c30      0x55c ..\obj\misc.o
 .debug_info    0x0001418c      0x188 ..\obj\STM32F1_VC_Desc.o
 .debug_info    0x00014314      0xb3c ..\obj\iNemo_SPI_Driver.o
 .debug_info    0x00014e50      0x9c9 ..\obj\stm32f10x_spi.o
 .debug_info    0x00015819      0x146 ..\obj\position_get.o
 .debug_info    0x0001595f      0xb40 ..\obj\stm32f10x_i2c.o
 .debug_info    0x0001649f      0x1e0 ..\obj\usb_mem.o
 .debug_info    0x0001667f      0xb3a ..\obj\STM32F1_VC_Prop.o
 .debug_info    0x000171b9      0x343 ..\obj\heap_2.o
 .debug_info    0x000174fc      0x4cc ..\..\..\..\..\iNEMO_AHRS_v121\CooCox_Lib\libinemo_m1_ahrs_lib_v121.a(iNEMO_AHRS.o)
 .debug_info    0x000179c8      0x73b ..\..\..\..\..\iNEMO_AHRS_v121\CooCox_Lib\libinemo_m1_ahrs_lib_v121.a(iNEMO_math.o)
 .debug_info    0x00018103      0x1e6 ..\..\..\..\..\iNEMO_AHRS_v121\CooCox_Lib\libinemo_m1_ahrs_lib_v121.a(iNEMO_EKF.o)

.debug_abbrev   0x00000000     0x4ba8
 .debug_abbrev  0x00000000      0x3ee ..\obj\usb_core.o
 .debug_abbrev  0x000003ee      0x2b3 ..\obj\stm32f10x_tim.o
 .debug_abbrev  0x000006a1       0xbb ..\obj\iNEMO_AHRS_MemMan_2.o
 .debug_abbrev  0x0000075c      0x2f2 ..\obj\LSM303DLHC.o
 .debug_abbrev  0x00000a4e      0x283 ..\obj\iNEMO_I2C_Driver.o
 .debug_abbrev  0x00000cd1      0x19d ..\obj\UsbGatekeeper.o
 .debug_abbrev  0x00000e6e       0xf9 ..\obj\usb_int.o
 .debug_abbrev  0x00000f67      0x16e ..\obj\system_stm32f10x.o
 .debug_abbrev  0x000010d5      0x2fb ..\obj\iNemo.o
 .debug_abbrev  0x000013d0       0xdf ..\obj\startup_stm32f10x_hd.o
 .debug_abbrev  0x000014af      0x231 ..\obj\usb_regs.o
 .debug_abbrev  0x000016e0      0x1c9 ..\obj\STM32F1_VC_Pwr.o
 .debug_abbrev  0x000018a9      0x200 ..\obj\stm32f10x_gpio.o
 .debug_abbrev  0x00001aa9      0x11d ..\obj\usb_init.o
 .debug_abbrev  0x00001bc6      0x36f ..\obj\main.o
 .debug_abbrev  0x00001f35       0xe0 ..\obj\STM32F1_VC_Endp.o
 .debug_abbrev  0x00002015      0x26e ..\obj\stm32f10x_rcc.o
 .debug_abbrev  0x00002283      0x1af ..\obj\iNEMO_Button.o
 .debug_abbrev  0x00002432      0x19f ..\obj\stm32f10x_exti.o
 .debug_abbrev  0x000025d1      0x330 ..\obj\tasks.o
 .debug_abbrev  0x00002901      0x41d ..\obj\STM32F1_VC_General.o
 .debug_abbrev  0x00002d1e      0x177 ..\obj\iNemoLed.o
 .debug_abbrev  0x00002e95      0x2d0 ..\obj\L3Gx.o
 .debug_abbrev  0x00003165      0x115 ..\obj\STM32F1_VC_Istr.o
 .debug_abbrev  0x0000327a      0x101 ..\obj\usb_sil.o
 .debug_abbrev  0x0000337b       0xda ..\obj\list.o
 .debug_abbrev  0x00003455       0xf4 ..\obj\syscalls.o
 .debug_abbrev  0x00003549       0x89 ..\obj\stm32f10x_it.o
 .debug_abbrev  0x000035d2      0x1bf ..\obj\port.o
 .debug_abbrev  0x00003791      0x224 ..\obj\queue.o
 .debug_abbrev  0x000039b5      0x1c6 ..\obj\stm32f10x_dma.o
 .debug_abbrev  0x00003b7b      0x156 ..\obj\misc.o
 .debug_abbrev  0x00003cd1       0x73 ..\obj\STM32F1_VC_Desc.o
 .debug_abbrev  0x00003d44      0x1d8 ..\obj\iNemo_SPI_Driver.o
 .debug_abbrev  0x00003f1c      0x1e6 ..\obj\stm32f10x_spi.o
 .debug_abbrev  0x00004102       0xbd ..\obj\position_get.o
 .debug_abbrev  0x000041bf      0x240 ..\obj\stm32f10x_i2c.o
 .debug_abbrev  0x000043ff       0x9d ..\obj\usb_mem.o
 .debug_abbrev  0x0000449c      0x283 ..\obj\STM32F1_VC_Prop.o
 .debug_abbrev  0x0000471f      0x1bb ..\obj\heap_2.o
 .debug_abbrev  0x000048da       0xeb ..\..\..\..\..\iNEMO_AHRS_v121\CooCox_Lib\libinemo_m1_ahrs_lib_v121.a(iNEMO_AHRS.o)
 .debug_abbrev  0x000049c5      0x124 ..\..\..\..\..\iNEMO_AHRS_v121\CooCox_Lib\libinemo_m1_ahrs_lib_v121.a(iNEMO_math.o)
 .debug_abbrev  0x00004ae9       0xbf ..\..\..\..\..\iNEMO_AHRS_v121\CooCox_Lib\libinemo_m1_ahrs_lib_v121.a(iNEMO_EKF.o)

.debug_loc      0x00000000     0xbe73
 .debug_loc     0x00000000      0xa77 ..\obj\usb_core.o
 .debug_loc     0x00000a77     0x23d1 ..\obj\stm32f10x_tim.o
 .debug_loc     0x00002e48       0x42 ..\obj\iNEMO_AHRS_MemMan_2.o
 .debug_loc     0x00002e8a      0xa0b ..\obj\LSM303DLHC.o
 .debug_loc     0x00003895      0x850 ..\obj\iNEMO_I2C_Driver.o
 .debug_loc     0x000040e5       0xcd ..\obj\UsbGatekeeper.o
 .debug_loc     0x000041b2       0xa7 ..\obj\usb_int.o
 .debug_loc     0x00004259       0xbc ..\obj\system_stm32f10x.o
 .debug_loc     0x00004315      0x349 ..\obj\iNemo.o
 .debug_loc     0x0000465e      0xa22 ..\obj\usb_regs.o
 .debug_loc     0x00005080      0x10c ..\obj\STM32F1_VC_Pwr.o
 .debug_loc     0x0000518c     0x1532 ..\obj\stm32f10x_gpio.o
 .debug_loc     0x000066be      0x2f8 ..\obj\main.o
 .debug_loc     0x000069b6      0x739 ..\obj\stm32f10x_rcc.o
 .debug_loc     0x000070ef       0xa5 ..\obj\iNEMO_Button.o
 .debug_loc     0x00007194      0x1dc ..\obj\stm32f10x_exti.o
 .debug_loc     0x00007370     0x122b ..\obj\tasks.o
 .debug_loc     0x0000859b      0x3e7 ..\obj\STM32F1_VC_General.o
 .debug_loc     0x00008982       0x21 ..\obj\iNemoLed.o
 .debug_loc     0x000089a3      0x785 ..\obj\L3Gx.o
 .debug_loc     0x00009128       0xcf ..\obj\usb_sil.o
 .debug_loc     0x000091f7       0x69 ..\obj\list.o
 .debug_loc     0x00009260      0x108 ..\obj\syscalls.o
 .debug_loc     0x00009368       0x66 ..\obj\port.o
 .debug_loc     0x000093ce      0xd58 ..\obj\queue.o
 .debug_loc     0x0000a126       0xfe ..\obj\stm32f10x_dma.o
 .debug_loc     0x0000a224      0x193 ..\obj\misc.o
 .debug_loc     0x0000a3b7      0x2cc ..\obj\iNemo_SPI_Driver.o
 .debug_loc     0x0000a683      0x555 ..\obj\stm32f10x_spi.o
 .debug_loc     0x0000abd8       0xf3 ..\obj\position_get.o
 .debug_loc     0x0000accb      0x6a0 ..\obj\stm32f10x_i2c.o
 .debug_loc     0x0000b36b      0x283 ..\obj\usb_mem.o
 .debug_loc     0x0000b5ee      0x1e1 ..\obj\STM32F1_VC_Prop.o
 .debug_loc     0x0000b7cf      0x208 ..\obj\heap_2.o
 .debug_loc     0x0000b9d7       0xaa ..\..\..\..\..\iNEMO_AHRS_v121\CooCox_Lib\libinemo_m1_ahrs_lib_v121.a(iNEMO_AHRS.o)
 .debug_loc     0x0000ba81      0x34a ..\..\..\..\..\iNEMO_AHRS_v121\CooCox_Lib\libinemo_m1_ahrs_lib_v121.a(iNEMO_math.o)
 .debug_loc     0x0000bdcb       0xa8 ..\..\..\..\..\iNEMO_AHRS_v121\CooCox_Lib\libinemo_m1_ahrs_lib_v121.a(iNEMO_EKF.o)

.debug_aranges  0x00000000     0x14a8
 .debug_aranges
                0x00000000       0x98 ..\obj\usb_core.o
 .debug_aranges
                0x00000098      0x2c0 ..\obj\stm32f10x_tim.o
 .debug_aranges
                0x00000358       0x28 ..\obj\iNEMO_AHRS_MemMan_2.o
 .debug_aranges
                0x00000380      0x170 ..\obj\LSM303DLHC.o
 .debug_aranges
                0x000004f0       0x50 ..\obj\iNEMO_I2C_Driver.o
 .debug_aranges
                0x00000540       0x40 ..\obj\UsbGatekeeper.o
 .debug_aranges
                0x00000580       0x28 ..\obj\usb_int.o
 .debug_aranges
                0x000005a8       0x28 ..\obj\system_stm32f10x.o
 .debug_aranges
                0x000005d0       0x58 ..\obj\iNemo.o
 .debug_aranges
                0x00000628       0x28 ..\obj\startup_stm32f10x_hd.o
 .debug_aranges
                0x00000650      0x1a0 ..\obj\usb_regs.o
 .debug_aranges
                0x000007f0       0x40 ..\obj\STM32F1_VC_Pwr.o
 .debug_aranges
                0x00000830       0xa8 ..\obj\stm32f10x_gpio.o
 .debug_aranges